
===========================================================================
 report_check_types -max_slew -max_cap -max_fanout -violators
============================================================================

======================= Slowest Corner ===================================

max slew

Pin                                    Limit    Slew   Slack
------------------------------------------------------------
wbs_adr_i[3]                            1.50    3.94   -2.45 (VIOLATED)
wbs_adr_i[2]                            1.50    3.87   -2.37 (VIOLATED)
wbs_dat_i[1]                            1.50    3.60   -2.10 (VIOLATED)
wbs_sel_i[1]                            1.50    3.56   -2.06 (VIOLATED)
wbs_adr_i[1]                            1.50    3.54   -2.05 (VIOLATED)
wbs_dat_i[3]                            1.50    3.54   -2.04 (VIOLATED)
wbs_adr_i[7]                            1.50    3.53   -2.04 (VIOLATED)
wbs_sel_i[2]                            1.50    3.51   -2.01 (VIOLATED)
wbs_sel_i[3]                            1.50    3.48   -1.98 (VIOLATED)
wbs_dat_i[10]                           1.50    3.43   -1.93 (VIOLATED)
wbs_dat_i[12]                           1.50    3.40   -1.90 (VIOLATED)
wbs_dat_i[4]                            1.50    3.39   -1.89 (VIOLATED)
wbs_adr_i[8]                            1.50    3.39   -1.89 (VIOLATED)
wbs_dat_i[19]                           1.50    3.36   -1.86 (VIOLATED)
wbs_adr_i[4]                            1.50    3.35   -1.85 (VIOLATED)
wbs_adr_i[12]                           1.50    3.33   -1.83 (VIOLATED)
wbs_adr_i[10]                           1.50    3.32   -1.82 (VIOLATED)
wbs_dat_i[11]                           1.50    3.31   -1.82 (VIOLATED)
wbs_adr_i[11]                           1.50    3.30   -1.80 (VIOLATED)
wbs_dat_i[22]                           1.50    3.30   -1.80 (VIOLATED)
wbs_adr_i[13]                           1.50    3.29   -1.79 (VIOLATED)
wbs_dat_i[20]                           1.50    3.26   -1.76 (VIOLATED)
wbs_adr_i[15]                           1.50    3.20   -1.70 (VIOLATED)
wbs_adr_i[20]                           1.50    3.16   -1.67 (VIOLATED)
wbs_adr_i[19]                           1.50    3.15   -1.65 (VIOLATED)
wbs_adr_i[22]                           1.50    3.14   -1.64 (VIOLATED)
wbs_dat_i[23]                           1.50    3.13   -1.63 (VIOLATED)
wbs_dat_i[13]                           1.50    3.12   -1.62 (VIOLATED)
wbs_stb_i                               1.50    3.06   -1.56 (VIOLATED)
wbs_sel_i[0]                            1.50    3.06   -1.56 (VIOLATED)
wbs_dat_i[29]                           1.50    2.98   -1.48 (VIOLATED)
wbs_adr_i[23]                           1.50    2.92   -1.43 (VIOLATED)
wbs_dat_i[2]                            1.50    2.91   -1.41 (VIOLATED)
la_oenb[27]                             1.50    2.89   -1.39 (VIOLATED)
wbs_adr_i[6]                            1.50    2.88   -1.39 (VIOLATED)
wbs_dat_i[18]                           1.50    2.84   -1.34 (VIOLATED)
wbs_adr_i[16]                           1.50    2.65   -1.16 (VIOLATED)
wbs_dat_i[30]                           1.50    2.63   -1.13 (VIOLATED)
wbs_adr_i[0]                            1.50    2.62   -1.12 (VIOLATED)
wbs_dat_i[0]                            1.50    2.61   -1.11 (VIOLATED)
wbs_dat_i[27]                           1.50    2.59   -1.09 (VIOLATED)
wbs_dat_i[24]                           1.50    2.58   -1.09 (VIOLATED)
la_oenb[21]                             1.50    2.57   -1.07 (VIOLATED)
la_oenb[22]                             1.50    2.54   -1.05 (VIOLATED)
wbs_dat_i[31]                           1.50    2.53   -1.03 (VIOLATED)
la_oenb[26]                             1.50    2.52   -1.03 (VIOLATED)
la_oenb[25]                             1.50    2.52   -1.02 (VIOLATED)
la_oenb[39]                             1.50    2.47   -0.97 (VIOLATED)
la_oenb[127]                            1.50    2.38   -0.89 (VIOLATED)
la_data_in[59]                          1.50    2.37   -0.87 (VIOLATED)
la_oenb[126]                            1.50    2.36   -0.86 (VIOLATED)
io_in[35]                               1.50    2.36   -0.86 (VIOLATED)
la_data_in[33]                          1.50    2.36   -0.86 (VIOLATED)
wbs_adr_i[14]                           1.50    2.34   -0.84 (VIOLATED)
la_data_in[61]                          1.50    2.33   -0.83 (VIOLATED)
wbs_dat_i[17]                           1.50    2.32   -0.82 (VIOLATED)
wbs_adr_i[9]                            1.50    2.32   -0.82 (VIOLATED)
wbs_adr_i[21]                           1.50    2.31   -0.81 (VIOLATED)
la_data_in[63]                          1.50    2.30   -0.80 (VIOLATED)
la_oenb[95]                             1.50    2.28   -0.78 (VIOLATED)
wbs_dat_i[26]                           1.50    2.26   -0.77 (VIOLATED)
la_data_in[38]                          1.50    2.26   -0.76 (VIOLATED)
la_oenb[122]                            1.50    2.25   -0.75 (VIOLATED)
la_data_in[35]                          1.50    2.25   -0.75 (VIOLATED)
la_oenb[121]                            1.50    2.24   -0.74 (VIOLATED)
la_data_in[34]                          1.50    2.24   -0.74 (VIOLATED)
la_oenb[118]                            1.50    2.23   -0.73 (VIOLATED)
io_in[23]                               1.50    2.22   -0.72 (VIOLATED)
la_data_in[117]                         1.50    2.22   -0.72 (VIOLATED)
la_data_in[65]                          1.50    2.21   -0.71 (VIOLATED)
la_oenb[65]                             1.50    2.21   -0.71 (VIOLATED)
wbs_dat_i[9]                            1.50    2.20   -0.71 (VIOLATED)
la_data_in[25]                          1.50    2.19   -0.69 (VIOLATED)
la_data_in[97]                          1.50    2.19   -0.69 (VIOLATED)
la_oenb[117]                            1.50    2.19   -0.69 (VIOLATED)
la_oenb[23]                             1.50    2.19   -0.69 (VIOLATED)
wbs_dat_i[8]                            1.50    2.18   -0.69 (VIOLATED)
la_oenb[70]                             1.50    2.18   -0.68 (VIOLATED)
la_data_in[57]                          1.50    2.18   -0.68 (VIOLATED)
la_data_in[118]                         1.50    2.17   -0.67 (VIOLATED)
la_data_in[116]                         1.50    2.17   -0.67 (VIOLATED)
la_data_in[23]                          1.50    2.16   -0.67 (VIOLATED)
la_data_in[42]                          1.50    2.16   -0.67 (VIOLATED)
wbs_dat_i[15]                           1.50    2.16   -0.66 (VIOLATED)
la_data_in[115]                         1.50    2.14   -0.64 (VIOLATED)
la_oenb[74]                             1.50    2.13   -0.64 (VIOLATED)
la_oenb[92]                             1.50    2.13   -0.63 (VIOLATED)
la_data_in[32]                          1.50    2.13   -0.63 (VIOLATED)
wbs_adr_i[28]                           1.50    2.13   -0.63 (VIOLATED)
la_data_in[89]                          1.50    2.12   -0.63 (VIOLATED)
la_oenb[35]                             1.50    2.12   -0.62 (VIOLATED)
la_data_in[27]                          1.50    2.11   -0.61 (VIOLATED)
wbs_we_i                                1.50    2.11   -0.61 (VIOLATED)
la_data_in[68]                          1.50    2.11   -0.61 (VIOLATED)
la_data_in[113]                         1.50    2.11   -0.61 (VIOLATED)
la_data_in[70]                          1.50    2.10   -0.61 (VIOLATED)
la_oenb[29]                             1.50    2.10   -0.60 (VIOLATED)
la_data_in[0]                           1.50    2.10   -0.60 (VIOLATED)
la_data_in[53]                          1.50    2.10   -0.60 (VIOLATED)
la_oenb[55]                             1.50    2.09   -0.60 (VIOLATED)
la_data_in[22]                          1.50    2.09   -0.59 (VIOLATED)
wbs_dat_i[5]                            1.50    2.07   -0.57 (VIOLATED)
la_oenb[1]                              1.50    2.06   -0.56 (VIOLATED)
wbs_adr_i[18]                           1.50    2.05   -0.55 (VIOLATED)
la_oenb[46]                             1.50    2.04   -0.55 (VIOLATED)
la_oenb[123]                            1.50    2.04   -0.54 (VIOLATED)
la_data_in[127]                         1.50    2.03   -0.53 (VIOLATED)
la_oenb[119]                            1.50    2.02   -0.52 (VIOLATED)
la_oenb[50]                             1.50    2.01   -0.51 (VIOLATED)
la_oenb[116]                            1.50    2.00   -0.50 (VIOLATED)
la_data_in[37]                          1.50    1.99   -0.49 (VIOLATED)
la_data_in[45]                          1.50    1.98   -0.48 (VIOLATED)
la_oenb[9]                              1.50    1.98   -0.48 (VIOLATED)
la_data_in[39]                          1.50    1.98   -0.48 (VIOLATED)
la_data_in[26]                          1.50    1.97   -0.47 (VIOLATED)
la_oenb[10]                             1.50    1.97   -0.47 (VIOLATED)
la_data_in[4]                           1.50    1.97   -0.47 (VIOLATED)
wbs_adr_i[31]                           1.50    1.96   -0.46 (VIOLATED)
io_in[33]                               1.50    1.96   -0.46 (VIOLATED)
la_oenb[109]                            1.50    1.95   -0.46 (VIOLATED)
la_oenb[58]                             1.50    1.94   -0.45 (VIOLATED)
la_data_in[56]                          1.50    1.94   -0.44 (VIOLATED)
la_oenb[57]                             1.50    1.93   -0.43 (VIOLATED)
wbs_cyc_i                               1.50    1.93   -0.43 (VIOLATED)
la_data_in[99]                          1.50    1.93   -0.43 (VIOLATED)
la_oenb[11]                             1.50    1.92   -0.43 (VIOLATED)
wbs_adr_i[29]                           1.50    1.92   -0.42 (VIOLATED)
wbs_adr_i[26]                           1.50    1.92   -0.42 (VIOLATED)
la_oenb[16]                             1.50    1.91   -0.41 (VIOLATED)
la_data_in[58]                          1.50    1.91   -0.41 (VIOLATED)
la_oenb[44]                             1.50    1.91   -0.41 (VIOLATED)
la_data_in[13]                          1.50    1.90   -0.41 (VIOLATED)
wbs_dat_i[7]                            1.50    1.90   -0.40 (VIOLATED)
la_data_in[111]                         1.50    1.90   -0.40 (VIOLATED)
la_oenb[20]                             1.50    1.90   -0.40 (VIOLATED)
io_in[22]                               1.50    1.90   -0.40 (VIOLATED)
la_data_in[18]                          1.50    1.90   -0.40 (VIOLATED)
la_oenb[32]                             1.50    1.89   -0.39 (VIOLATED)
wbs_adr_i[17]                           1.50    1.89   -0.39 (VIOLATED)
wbs_adr_i[27]                           1.50    1.89   -0.39 (VIOLATED)
wbs_dat_i[6]                            1.50    1.89   -0.39 (VIOLATED)
wbs_adr_i[5]                            1.50    1.88   -0.38 (VIOLATED)
la_oenb[56]                             1.50    1.88   -0.38 (VIOLATED)
la_data_in[3]                           1.50    1.88   -0.38 (VIOLATED)
wbs_adr_i[25]                           1.50    1.88   -0.38 (VIOLATED)
la_data_in[12]                          1.50    1.87   -0.38 (VIOLATED)
la_data_in[50]                          1.50    1.87   -0.37 (VIOLATED)
la_oenb[125]                            1.50    1.87   -0.37 (VIOLATED)
la_oenb[37]                             1.50    1.87   -0.37 (VIOLATED)
wb_clk_i                                1.50    1.87   -0.37 (VIOLATED)
la_oenb[124]                            1.50    1.86   -0.36 (VIOLATED)
la_oenb[60]                             1.50    1.86   -0.36 (VIOLATED)
la_oenb[61]                             1.50    1.86   -0.36 (VIOLATED)
la_oenb[98]                             1.50    1.86   -0.36 (VIOLATED)
la_data_in[1]                           1.50    1.86   -0.36 (VIOLATED)
la_oenb[36]                             1.50    1.86   -0.36 (VIOLATED)
la_oenb[33]                             1.50    1.85   -0.36 (VIOLATED)
la_oenb[64]                             1.50    1.85   -0.35 (VIOLATED)
la_data_in[28]                          1.50    1.85   -0.35 (VIOLATED)
la_oenb[34]                             1.50    1.85   -0.35 (VIOLATED)
wbs_dat_i[16]                           1.50    1.85   -0.35 (VIOLATED)
la_oenb[42]                             1.50    1.85   -0.35 (VIOLATED)
la_data_in[30]                          1.50    1.84   -0.35 (VIOLATED)
la_oenb[96]                             1.50    1.84   -0.35 (VIOLATED)
la_oenb[63]                             1.50    1.84   -0.34 (VIOLATED)
la_data_in[91]                          1.50    1.84   -0.34 (VIOLATED)
la_data_in[40]                          1.50    1.83   -0.34 (VIOLATED)
la_oenb[53]                             1.50    1.83   -0.33 (VIOLATED)
la_data_in[10]                          1.50    1.82   -0.33 (VIOLATED)
wb_rst_i                                1.50    1.82   -0.32 (VIOLATED)
la_data_in[15]                          1.50    1.82   -0.32 (VIOLATED)
la_data_in[16]                          1.50    1.82   -0.32 (VIOLATED)
la_data_in[11]                          1.50    1.82   -0.32 (VIOLATED)
la_data_in[14]                          1.50    1.82   -0.32 (VIOLATED)
la_oenb[99]                             1.50    1.80   -0.31 (VIOLATED)
la_oenb[41]                             1.50    1.79   -0.30 (VIOLATED)
la_data_in[44]                          1.50    1.79   -0.29 (VIOLATED)
wbs_dat_i[14]                           1.50    1.79   -0.29 (VIOLATED)
wbs_adr_i[24]                           1.50    1.78   -0.28 (VIOLATED)
la_data_in[46]                          1.50    1.78   -0.28 (VIOLATED)
la_oenb[67]                             1.50    1.78   -0.28 (VIOLATED)
la_oenb[38]                             1.50    1.78   -0.28 (VIOLATED)
la_data_in[64]                          1.50    1.77   -0.27 (VIOLATED)
la_oenb[120]                            1.50    1.77   -0.27 (VIOLATED)
la_data_in[17]                          1.50    1.77   -0.27 (VIOLATED)
io_in[32]                               1.50    1.76   -0.26 (VIOLATED)
la_oenb[114]                            1.50    1.76   -0.26 (VIOLATED)
wbs_dat_i[28]                           1.50    1.76   -0.26 (VIOLATED)
wbs_dat_i[25]                           1.50    1.75   -0.25 (VIOLATED)
la_data_in[112]                         1.50    1.75   -0.25 (VIOLATED)
la_oenb[93]                             1.50    1.75   -0.25 (VIOLATED)
la_data_in[103]                         1.50    1.75   -0.25 (VIOLATED)
la_data_in[110]                         1.50    1.74   -0.24 (VIOLATED)
la_oenb[102]                            1.50    1.74   -0.24 (VIOLATED)
io_in[37]                               1.50    1.73   -0.24 (VIOLATED)
la_oenb[68]                             1.50    1.73   -0.23 (VIOLATED)
la_data_in[21]                          1.50    1.73   -0.23 (VIOLATED)
la_oenb[91]                             1.50    1.73   -0.23 (VIOLATED)
la_data_in[55]                          1.50    1.73   -0.23 (VIOLATED)
la_data_in[96]                          1.50    1.73   -0.23 (VIOLATED)
la_data_in[19]                          1.50    1.72   -0.23 (VIOLATED)
la_data_in[20]                          1.50    1.72   -0.22 (VIOLATED)
la_oenb[69]                             1.50    1.72   -0.22 (VIOLATED)
wbs_adr_i[30]                           1.50    1.72   -0.22 (VIOLATED)
la_oenb[71]                             1.50    1.71   -0.21 (VIOLATED)
la_data_in[5]                           1.50    1.70   -0.21 (VIOLATED)
la_oenb[100]                            1.50    1.70   -0.20 (VIOLATED)
la_oenb[73]                             1.50    1.69   -0.19 (VIOLATED)
wbs_dat_i[21]                           1.50    1.69   -0.19 (VIOLATED)
la_oenb[72]                             1.50    1.69   -0.19 (VIOLATED)
la_data_in[31]                          1.50    1.69   -0.19 (VIOLATED)
la_oenb[6]                              1.50    1.69   -0.19 (VIOLATED)
la_oenb[7]                              1.50    1.69   -0.19 (VIOLATED)
la_data_in[100]                         1.50    1.68   -0.19 (VIOLATED)
la_oenb[3]                              1.50    1.67   -0.18 (VIOLATED)
io_in[36]                               1.50    1.67   -0.17 (VIOLATED)
la_oenb[24]                             1.50    1.66   -0.17 (VIOLATED)
la_oenb[4]                              1.50    1.66   -0.16 (VIOLATED)
la_data_in[92]                          1.50    1.66   -0.16 (VIOLATED)
la_data_in[29]                          1.50    1.66   -0.16 (VIOLATED)
la_oenb[89]                             1.50    1.66   -0.16 (VIOLATED)
la_oenb[52]                             1.50    1.65   -0.15 (VIOLATED)
la_oenb[0]                              1.50    1.65   -0.15 (VIOLATED)
la_oenb[88]                             1.50    1.64   -0.14 (VIOLATED)
la_oenb[87]                             1.50    1.64   -0.14 (VIOLATED)
la_oenb[2]                              1.50    1.64   -0.14 (VIOLATED)
la_data_in[86]                          1.50    1.64   -0.14 (VIOLATED)
la_data_in[6]                           1.50    1.64   -0.14 (VIOLATED)
la_oenb[76]                             1.50    1.63   -0.14 (VIOLATED)
la_oenb[86]                             1.50    1.62   -0.13 (VIOLATED)
la_oenb[8]                              1.50    1.62   -0.12 (VIOLATED)
la_data_in[74]                          1.50    1.61   -0.11 (VIOLATED)
la_data_in[69]                          1.50    1.61   -0.11 (VIOLATED)
la_oenb[75]                             1.50    1.61   -0.11 (VIOLATED)
la_oenb[113]                            1.50    1.61   -0.11 (VIOLATED)
la_data_in[94]                          1.50    1.61   -0.11 (VIOLATED)
la_data_in[76]                          1.50    1.60   -0.10 (VIOLATED)
la_data_in[72]                          1.50    1.60   -0.10 (VIOLATED)
la_data_in[73]                          1.50    1.60   -0.10 (VIOLATED)
la_data_in[8]                           1.50    1.60   -0.10 (VIOLATED)
la_oenb[85]                             1.50    1.59   -0.10 (VIOLATED)
la_data_in[75]                          1.50    1.59   -0.09 (VIOLATED)
la_data_in[2]                           1.50    1.59   -0.09 (VIOLATED)
la_data_in[9]                           1.50    1.59   -0.09 (VIOLATED)
la_oenb[14]                             1.50    1.59   -0.09 (VIOLATED)
la_oenb[84]                             1.50    1.59   -0.09 (VIOLATED)
la_oenb[79]                             1.50    1.59   -0.09 (VIOLATED)
la_data_in[83]                          1.50    1.58   -0.08 (VIOLATED)
la_data_in[88]                          1.50    1.58   -0.08 (VIOLATED)
la_oenb[108]                            1.50    1.58   -0.08 (VIOLATED)
la_oenb[77]                             1.50    1.57   -0.08 (VIOLATED)
la_oenb[82]                             1.50    1.57   -0.08 (VIOLATED)
la_data_in[7]                           1.50    1.57   -0.07 (VIOLATED)
io_in[21]                               1.50    1.57   -0.07 (VIOLATED)
la_data_in[36]                          1.50    1.57   -0.07 (VIOLATED)
la_oenb[111]                            1.50    1.57   -0.07 (VIOLATED)
la_oenb[5]                              1.50    1.57   -0.07 (VIOLATED)
la_data_in[41]                          1.50    1.57   -0.07 (VIOLATED)
la_oenb[83]                             1.50    1.57   -0.07 (VIOLATED)
la_oenb[15]                             1.50    1.57   -0.07 (VIOLATED)
la_data_in[79]                          1.50    1.57   -0.07 (VIOLATED)
la_data_in[47]                          1.50    1.57   -0.07 (VIOLATED)
la_data_in[24]                          1.50    1.56   -0.06 (VIOLATED)
la_data_in[81]                          1.50    1.56   -0.06 (VIOLATED)
la_oenb[13]                             1.50    1.55   -0.06 (VIOLATED)
la_oenb[18]                             1.50    1.55   -0.06 (VIOLATED)
la_data_in[49]                          1.50    1.55   -0.05 (VIOLATED)
la_oenb[31]                             1.50    1.55   -0.05 (VIOLATED)
la_data_in[82]                          1.50    1.54   -0.04 (VIOLATED)
la_oenb[81]                             1.50    1.54   -0.04 (VIOLATED)
la_oenb[17]                             1.50    1.54   -0.04 (VIOLATED)
la_data_in[62]                          1.50    1.54   -0.04 (VIOLATED)
la_oenb[62]                             1.50    1.53   -0.03 (VIOLATED)
la_oenb[12]                             1.50    1.53   -0.03 (VIOLATED)
la_oenb[103]                            1.50    1.52   -0.02 (VIOLATED)
la_data_in[105]                         1.50    1.52   -0.02 (VIOLATED)
la_oenb[80]                             1.50    1.51   -0.01 (VIOLATED)
la_data_in[80]                          1.50    1.51   -0.01 (VIOLATED)
la_oenb[43]                             1.50    1.51   -0.01 (VIOLATED)
io_in[34]                               1.50    1.51   -0.01 (VIOLATED)
la_oenb[115]                            1.50    1.50   -0.01 (VIOLATED)

max capacitance

Pin                                    Limit     Cap   Slack
------------------------------------------------------------
wbs_adr_i[3]                            0.21    0.56   -0.35 (VIOLATED)
wbs_adr_i[2]                            0.21    0.55   -0.34 (VIOLATED)
wbs_dat_i[1]                            0.21    0.50   -0.29 (VIOLATED)
wbs_sel_i[1]                            0.21    0.50   -0.29 (VIOLATED)
wbs_adr_i[1]                            0.21    0.50   -0.29 (VIOLATED)
wbs_dat_i[3]                            0.21    0.50   -0.29 (VIOLATED)
wbs_adr_i[7]                            0.21    0.50   -0.29 (VIOLATED)
wbs_sel_i[2]                            0.21    0.49   -0.28 (VIOLATED)
wbs_sel_i[3]                            0.21    0.49   -0.28 (VIOLATED)
wbs_dat_i[10]                           0.21    0.48   -0.27 (VIOLATED)
wbs_dat_i[12]                           0.21    0.48   -0.27 (VIOLATED)
wbs_adr_i[8]                            0.21    0.48   -0.27 (VIOLATED)
wbs_dat_i[4]                            0.21    0.47   -0.26 (VIOLATED)
wbs_adr_i[4]                            0.21    0.47   -0.26 (VIOLATED)
wbs_dat_i[19]                           0.21    0.47   -0.26 (VIOLATED)
wbs_adr_i[12]                           0.21    0.47   -0.26 (VIOLATED)
wbs_adr_i[10]                           0.21    0.46   -0.25 (VIOLATED)
wbs_dat_i[11]                           0.21    0.46   -0.25 (VIOLATED)
wbs_dat_i[22]                           0.21    0.46   -0.25 (VIOLATED)
wbs_adr_i[11]                           0.21    0.46   -0.25 (VIOLATED)
wbs_adr_i[13]                           0.21    0.46   -0.25 (VIOLATED)
wbs_dat_i[20]                           0.21    0.46   -0.25 (VIOLATED)
wbs_adr_i[15]                           0.21    0.45   -0.24 (VIOLATED)
wbs_adr_i[20]                           0.21    0.44   -0.23 (VIOLATED)
wbs_adr_i[19]                           0.21    0.44   -0.23 (VIOLATED)
wbs_adr_i[22]                           0.21    0.44   -0.23 (VIOLATED)
wbs_dat_i[23]                           0.21    0.44   -0.23 (VIOLATED)
wbs_dat_i[13]                           0.21    0.44   -0.23 (VIOLATED)
wbs_stb_i                               0.21    0.43   -0.22 (VIOLATED)
wbs_sel_i[0]                            0.21    0.43   -0.22 (VIOLATED)
wbs_dat_i[29]                           0.21    0.42   -0.21 (VIOLATED)
wbs_adr_i[23]                           0.21    0.41   -0.20 (VIOLATED)
wbs_dat_i[2]                            0.21    0.41   -0.20 (VIOLATED)
la_oenb[27]                             0.21    0.41   -0.20 (VIOLATED)
wbs_adr_i[6]                            0.21    0.40   -0.20 (VIOLATED)
wbs_dat_i[18]                           0.21    0.40   -0.19 (VIOLATED)
wbs_adr_i[16]                           0.21    0.37   -0.16 (VIOLATED)
wbs_adr_i[0]                            0.21    0.37   -0.16 (VIOLATED)
wbs_dat_i[30]                           0.21    0.37   -0.16 (VIOLATED)
wbs_dat_i[0]                            0.21    0.36   -0.16 (VIOLATED)
wbs_dat_i[24]                           0.21    0.36   -0.15 (VIOLATED)
wbs_dat_i[27]                           0.21    0.36   -0.15 (VIOLATED)
la_oenb[21]                             0.21    0.36   -0.15 (VIOLATED)
la_oenb[22]                             0.21    0.36   -0.15 (VIOLATED)
wbs_dat_i[31]                           0.21    0.35   -0.14 (VIOLATED)
la_oenb[25]                             0.21    0.35   -0.14 (VIOLATED)
la_oenb[26]                             0.21    0.35   -0.14 (VIOLATED)
la_oenb[39]                             0.21    0.35   -0.14 (VIOLATED)
io_in[35]                               0.21    0.33   -0.12 (VIOLATED)
la_data_in[59]                          0.21    0.33   -0.12 (VIOLATED)
la_data_in[33]                          0.21    0.33   -0.12 (VIOLATED)
la_oenb[127]                            0.21    0.33   -0.12 (VIOLATED)
wbs_adr_i[14]                           0.21    0.33   -0.12 (VIOLATED)
la_oenb[126]                            0.21    0.33   -0.12 (VIOLATED)
la_data_in[61]                          0.21    0.33   -0.12 (VIOLATED)
wbs_adr_i[9]                            0.21    0.33   -0.12 (VIOLATED)
wbs_adr_i[21]                           0.21    0.32   -0.11 (VIOLATED)
wbs_dat_i[17]                           0.21    0.32   -0.11 (VIOLATED)
la_data_in[63]                          0.21    0.32   -0.11 (VIOLATED)
la_oenb[95]                             0.21    0.32   -0.11 (VIOLATED)
la_data_in[38]                          0.21    0.32   -0.11 (VIOLATED)
la_data_in[35]                          0.21    0.32   -0.11 (VIOLATED)
wbs_dat_i[26]                           0.21    0.32   -0.11 (VIOLATED)
la_data_in[34]                          0.21    0.31   -0.11 (VIOLATED)
la_oenb[122]                            0.21    0.31   -0.10 (VIOLATED)
la_oenb[121]                            0.21    0.31   -0.10 (VIOLATED)
io_in[23]                               0.21    0.31   -0.10 (VIOLATED)
la_oenb[118]                            0.21    0.31   -0.10 (VIOLATED)
la_data_in[65]                          0.21    0.31   -0.10 (VIOLATED)
la_oenb[65]                             0.21    0.31   -0.10 (VIOLATED)
la_data_in[117]                         0.21    0.31   -0.10 (VIOLATED)
wbs_dat_i[8]                            0.21    0.31   -0.10 (VIOLATED)
wbs_dat_i[9]                            0.21    0.31   -0.10 (VIOLATED)
la_data_in[97]                          0.21    0.31   -0.10 (VIOLATED)
la_data_in[25]                          0.21    0.31   -0.10 (VIOLATED)
la_data_in[57]                          0.21    0.31   -0.10 (VIOLATED)
la_oenb[70]                             0.21    0.31   -0.10 (VIOLATED)
la_oenb[117]                            0.21    0.30   -0.09 (VIOLATED)
la_oenb[23]                             0.21    0.30   -0.09 (VIOLATED)
wbs_dat_i[15]                           0.21    0.30   -0.09 (VIOLATED)
la_data_in[23]                          0.21    0.30   -0.09 (VIOLATED)
la_data_in[118]                         0.21    0.30   -0.09 (VIOLATED)
la_data_in[116]                         0.21    0.30   -0.09 (VIOLATED)
la_data_in[42]                          0.21    0.30   -0.09 (VIOLATED)
la_oenb[92]                             0.21    0.30   -0.09 (VIOLATED)
la_oenb[74]                             0.21    0.30   -0.09 (VIOLATED)
la_data_in[32]                          0.21    0.30   -0.09 (VIOLATED)
wbs_we_i                                0.21    0.30   -0.09 (VIOLATED)
la_data_in[115]                         0.21    0.30   -0.09 (VIOLATED)
wbs_adr_i[28]                           0.21    0.30   -0.09 (VIOLATED)
la_data_in[89]                          0.21    0.30   -0.09 (VIOLATED)
la_data_in[0]                           0.21    0.30   -0.09 (VIOLATED)
la_data_in[68]                          0.21    0.30   -0.09 (VIOLATED)
la_data_in[27]                          0.21    0.30   -0.09 (VIOLATED)
la_data_in[70]                          0.21    0.29   -0.08 (VIOLATED)
la_oenb[35]                             0.21    0.29   -0.08 (VIOLATED)
la_data_in[53]                          0.21    0.29   -0.08 (VIOLATED)
la_data_in[113]                         0.21    0.29   -0.08 (VIOLATED)
la_oenb[55]                             0.21    0.29   -0.08 (VIOLATED)
la_data_in[22]                          0.21    0.29   -0.08 (VIOLATED)
la_oenb[29]                             0.21    0.29   -0.08 (VIOLATED)
wbs_dat_i[5]                            0.21    0.29   -0.08 (VIOLATED)
la_oenb[1]                              0.21    0.29   -0.08 (VIOLATED)
la_oenb[46]                             0.21    0.29   -0.08 (VIOLATED)
wbs_adr_i[18]                           0.21    0.29   -0.08 (VIOLATED)
la_data_in[127]                         0.21    0.28   -0.07 (VIOLATED)
la_oenb[123]                            0.21    0.28   -0.07 (VIOLATED)
la_oenb[119]                            0.21    0.28   -0.07 (VIOLATED)
la_oenb[50]                             0.21    0.28   -0.07 (VIOLATED)
la_oenb[116]                            0.21    0.28   -0.07 (VIOLATED)
la_data_in[37]                          0.21    0.28   -0.07 (VIOLATED)
la_data_in[4]                           0.21    0.28   -0.07 (VIOLATED)
la_oenb[10]                             0.21    0.28   -0.07 (VIOLATED)
la_data_in[45]                          0.21    0.28   -0.07 (VIOLATED)
io_in[33]                               0.21    0.27   -0.06 (VIOLATED)
la_oenb[9]                              0.21    0.27   -0.06 (VIOLATED)
la_data_in[39]                          0.21    0.27   -0.06 (VIOLATED)
la_data_in[26]                          0.21    0.27   -0.06 (VIOLATED)
wbs_adr_i[31]                           0.21    0.27   -0.06 (VIOLATED)
la_oenb[109]                            0.21    0.27   -0.06 (VIOLATED)
la_oenb[58]                             0.21    0.27   -0.06 (VIOLATED)
la_data_in[99]                          0.21    0.27   -0.06 (VIOLATED)
la_data_in[56]                          0.21    0.27   -0.06 (VIOLATED)
la_oenb[57]                             0.21    0.27   -0.06 (VIOLATED)
wbs_cyc_i                               0.21    0.27   -0.06 (VIOLATED)
wbs_adr_i[29]                           0.21    0.27   -0.06 (VIOLATED)
wbs_adr_i[26]                           0.21    0.27   -0.06 (VIOLATED)
la_oenb[16]                             0.21    0.27   -0.06 (VIOLATED)
la_oenb[11]                             0.21    0.27   -0.06 (VIOLATED)
wbs_dat_i[7]                            0.21    0.27   -0.06 (VIOLATED)
la_oenb[44]                             0.21    0.27   -0.06 (VIOLATED)
la_data_in[58]                          0.21    0.26   -0.06 (VIOLATED)
la_data_in[13]                          0.21    0.26   -0.06 (VIOLATED)
la_data_in[111]                         0.21    0.26   -0.05 (VIOLATED)
la_data_in[18]                          0.21    0.26   -0.05 (VIOLATED)
io_in[22]                               0.21    0.26   -0.05 (VIOLATED)
la_oenb[20]                             0.21    0.26   -0.05 (VIOLATED)
wbs_adr_i[17]                           0.21    0.26   -0.05 (VIOLATED)
wbs_adr_i[27]                           0.21    0.26   -0.05 (VIOLATED)
wbs_dat_i[6]                            0.21    0.26   -0.05 (VIOLATED)
la_oenb[32]                             0.21    0.26   -0.05 (VIOLATED)
la_data_in[50]                          0.21    0.26   -0.05 (VIOLATED)
wbs_adr_i[25]                           0.21    0.26   -0.05 (VIOLATED)
la_data_in[12]                          0.21    0.26   -0.05 (VIOLATED)
la_data_in[3]                           0.21    0.26   -0.05 (VIOLATED)
la_oenb[56]                             0.21    0.26   -0.05 (VIOLATED)
wbs_adr_i[5]                            0.21    0.26   -0.05 (VIOLATED)
la_oenb[125]                            0.21    0.26   -0.05 (VIOLATED)
wb_clk_i                                0.21    0.26   -0.05 (VIOLATED)
la_data_in[1]                           0.21    0.26   -0.05 (VIOLATED)
la_oenb[37]                             0.21    0.26   -0.05 (VIOLATED)
la_oenb[60]                             0.21    0.26   -0.05 (VIOLATED)
la_data_in[28]                          0.21    0.26   -0.05 (VIOLATED)
la_oenb[61]                             0.21    0.26   -0.05 (VIOLATED)
la_oenb[98]                             0.21    0.26   -0.05 (VIOLATED)
la_oenb[124]                            0.21    0.26   -0.05 (VIOLATED)
la_oenb[64]                             0.21    0.26   -0.05 (VIOLATED)
la_data_in[30]                          0.21    0.26   -0.05 (VIOLATED)
la_oenb[36]                             0.21    0.26   -0.05 (VIOLATED)
la_data_in[91]                          0.21    0.26   -0.05 (VIOLATED)
la_oenb[33]                             0.21    0.26   -0.05 (VIOLATED)
wbs_dat_i[16]                           0.21    0.26   -0.05 (VIOLATED)
la_oenb[34]                             0.21    0.26   -0.05 (VIOLATED)
la_oenb[96]                             0.21    0.26   -0.05 (VIOLATED)
la_oenb[63]                             0.21    0.26   -0.05 (VIOLATED)
la_data_in[40]                          0.21    0.26   -0.05 (VIOLATED)
la_oenb[42]                             0.21    0.26   -0.05 (VIOLATED)
la_data_in[10]                          0.21    0.25   -0.04 (VIOLATED)
la_oenb[53]                             0.21    0.25   -0.04 (VIOLATED)
la_data_in[16]                          0.21    0.25   -0.04 (VIOLATED)
la_data_in[15]                          0.21    0.25   -0.04 (VIOLATED)
la_data_in[11]                          0.21    0.25   -0.04 (VIOLATED)
la_data_in[14]                          0.21    0.25   -0.04 (VIOLATED)
wb_rst_i                                0.21    0.25   -0.04 (VIOLATED)
la_oenb[99]                             0.21    0.25   -0.04 (VIOLATED)
la_data_in[44]                          0.21    0.25   -0.04 (VIOLATED)
la_oenb[41]                             0.21    0.25   -0.04 (VIOLATED)
la_data_in[46]                          0.21    0.25   -0.04 (VIOLATED)
wbs_dat_i[14]                           0.21    0.25   -0.04 (VIOLATED)
la_oenb[38]                             0.21    0.25   -0.04 (VIOLATED)
wbs_adr_i[24]                           0.21    0.25   -0.04 (VIOLATED)
la_oenb[67]                             0.21    0.25   -0.04 (VIOLATED)
la_data_in[64]                          0.21    0.25   -0.04 (VIOLATED)
la_oenb[114]                            0.21    0.25   -0.04 (VIOLATED)
la_data_in[17]                          0.21    0.25   -0.04 (VIOLATED)
la_oenb[120]                            0.21    0.25   -0.04 (VIOLATED)
io_in[32]                               0.21    0.24   -0.04 (VIOLATED)
wbs_dat_i[28]                           0.21    0.24   -0.03 (VIOLATED)
la_data_in[112]                         0.21    0.24   -0.03 (VIOLATED)
la_data_in[103]                         0.21    0.24   -0.03 (VIOLATED)
wbs_dat_i[25]                           0.21    0.24   -0.03 (VIOLATED)
la_data_in[110]                         0.21    0.24   -0.03 (VIOLATED)
la_oenb[93]                             0.21    0.24   -0.03 (VIOLATED)
la_oenb[102]                            0.21    0.24   -0.03 (VIOLATED)
io_in[37]                               0.21    0.24   -0.03 (VIOLATED)
la_data_in[55]                          0.21    0.24   -0.03 (VIOLATED)
la_data_in[21]                          0.21    0.24   -0.03 (VIOLATED)
la_data_in[19]                          0.21    0.24   -0.03 (VIOLATED)
la_oenb[68]                             0.21    0.24   -0.03 (VIOLATED)
la_oenb[91]                             0.21    0.24   -0.03 (VIOLATED)
la_data_in[20]                          0.21    0.24   -0.03 (VIOLATED)
la_data_in[96]                          0.21    0.24   -0.03 (VIOLATED)
la_oenb[69]                             0.21    0.24   -0.03 (VIOLATED)
wbs_adr_i[30]                           0.21    0.24   -0.03 (VIOLATED)
la_oenb[100]                            0.21    0.24   -0.03 (VIOLATED)
la_data_in[5]                           0.21    0.24   -0.03 (VIOLATED)
la_oenb[71]                             0.21    0.24   -0.03 (VIOLATED)
la_data_in[100]                         0.21    0.24   -0.03 (VIOLATED)
la_oenb[73]                             0.21    0.24   -0.03 (VIOLATED)
la_oenb[72]                             0.21    0.23   -0.03 (VIOLATED)
wbs_dat_i[21]                           0.21    0.23   -0.03 (VIOLATED)
la_data_in[31]                          0.21    0.23   -0.02 (VIOLATED)
la_oenb[7]                              0.21    0.23   -0.02 (VIOLATED)
la_oenb[6]                              0.21    0.23   -0.02 (VIOLATED)
io_in[36]                               0.21    0.23   -0.02 (VIOLATED)
la_data_in[92]                          0.21    0.23   -0.02 (VIOLATED)
la_oenb[3]                              0.21    0.23   -0.02 (VIOLATED)
la_oenb[24]                             0.21    0.23   -0.02 (VIOLATED)
la_oenb[89]                             0.21    0.23   -0.02 (VIOLATED)
la_oenb[4]                              0.21    0.23   -0.02 (VIOLATED)
la_data_in[29]                          0.21    0.23   -0.02 (VIOLATED)
la_oenb[88]                             0.21    0.23   -0.02 (VIOLATED)
la_oenb[52]                             0.21    0.23   -0.02 (VIOLATED)
la_data_in[86]                          0.21    0.23   -0.02 (VIOLATED)
la_oenb[0]                              0.21    0.23   -0.02 (VIOLATED)
la_oenb[87]                             0.21    0.23   -0.02 (VIOLATED)
la_data_in[6]                           0.21    0.23   -0.02 (VIOLATED)
la_oenb[2]                              0.21    0.23   -0.02 (VIOLATED)
la_oenb[76]                             0.21    0.23   -0.02 (VIOLATED)
la_oenb[86]                             0.21    0.23   -0.02 (VIOLATED)
la_data_in[74]                          0.21    0.23   -0.02 (VIOLATED)
la_oenb[8]                              0.21    0.22   -0.02 (VIOLATED)
la_data_in[69]                          0.21    0.22   -0.02 (VIOLATED)
la_oenb[75]                             0.21    0.22   -0.01 (VIOLATED)
la_oenb[113]                            0.21    0.22   -0.01 (VIOLATED)
la_data_in[94]                          0.21    0.22   -0.01 (VIOLATED)
la_data_in[72]                          0.21    0.22   -0.01 (VIOLATED)
la_data_in[76]                          0.21    0.22   -0.01 (VIOLATED)
la_data_in[73]                          0.21    0.22   -0.01 (VIOLATED)
la_oenb[85]                             0.21    0.22   -0.01 (VIOLATED)
la_data_in[8]                           0.21    0.22   -0.01 (VIOLATED)
la_data_in[75]                          0.21    0.22   -0.01 (VIOLATED)
la_oenb[84]                             0.21    0.22   -0.01 (VIOLATED)
la_oenb[79]                             0.21    0.22   -0.01 (VIOLATED)
la_data_in[2]                           0.21    0.22   -0.01 (VIOLATED)
la_data_in[9]                           0.21    0.22   -0.01 (VIOLATED)
la_data_in[83]                          0.21    0.22   -0.01 (VIOLATED)
la_oenb[14]                             0.21    0.22   -0.01 (VIOLATED)
la_data_in[88]                          0.21    0.22   -0.01 (VIOLATED)
la_oenb[82]                             0.21    0.22   -0.01 (VIOLATED)
la_oenb[77]                             0.21    0.22   -0.01 (VIOLATED)
la_oenb[111]                            0.21    0.22   -0.01 (VIOLATED)
la_oenb[83]                             0.21    0.22   -0.01 (VIOLATED)
la_data_in[7]                           0.21    0.22   -0.01 (VIOLATED)
la_data_in[79]                          0.21    0.22   -0.01 (VIOLATED)
la_oenb[108]                            0.21    0.22   -0.01 (VIOLATED)
la_oenb[5]                              0.21    0.22   -0.01 (VIOLATED)
la_data_in[36]                          0.21    0.22   -0.01 (VIOLATED)
la_data_in[41]                          0.21    0.22   -0.01 (VIOLATED)
la_oenb[15]                             0.21    0.22   -0.01 (VIOLATED)
la_data_in[81]                          0.21    0.22   -0.01 (VIOLATED)
la_data_in[47]                          0.21    0.22   -0.01 (VIOLATED)
io_in[21]                               0.21    0.22   -0.01 (VIOLATED)
la_data_in[24]                          0.21    0.22   -0.01 (VIOLATED)
la_oenb[18]                             0.21    0.22   -0.01 (VIOLATED)
la_data_in[82]                          0.21    0.22   -0.01 (VIOLATED)
la_data_in[49]                          0.21    0.22   -0.01 (VIOLATED)
la_oenb[13]                             0.21    0.22   -0.01 (VIOLATED)
la_oenb[31]                             0.21    0.21   -0.01 (VIOLATED)
la_oenb[81]                             0.21    0.21   -0.01 (VIOLATED)
la_data_in[62]                          0.21    0.21   -0.00 (VIOLATED)
la_oenb[17]                             0.21    0.21   -0.00 (VIOLATED)
la_oenb[62]                             0.21    0.21   -0.00 (VIOLATED)
la_oenb[12]                             0.21    0.21   -0.00 (VIOLATED)
la_data_in[80]                          0.21    0.21   -0.00 (VIOLATED)
la_oenb[80]                             0.21    0.21   -0.00 (VIOLATED)
la_data_in[105]                         0.21    0.21   -0.00 (VIOLATED)
la_oenb[103]                            0.21    0.21   -0.00 (VIOLATED)


======================= Typical Corner ===================================

max slew

Pin                                    Limit    Slew   Slack
------------------------------------------------------------
wbs_adr_i[3]                            1.50    2.38   -0.88 (VIOLATED)
wbs_adr_i[2]                            1.50    2.33   -0.84 (VIOLATED)
wbs_dat_i[1]                            1.50    2.20   -0.70 (VIOLATED)
wbs_sel_i[1]                            1.50    2.18   -0.68 (VIOLATED)
wbs_adr_i[1]                            1.50    2.17   -0.67 (VIOLATED)
wbs_dat_i[3]                            1.50    2.16   -0.66 (VIOLATED)
wbs_adr_i[7]                            1.50    2.16   -0.66 (VIOLATED)
wbs_sel_i[2]                            1.50    2.15   -0.65 (VIOLATED)
wbs_sel_i[3]                            1.50    2.13   -0.63 (VIOLATED)
wbs_dat_i[10]                           1.50    2.10   -0.60 (VIOLATED)
wbs_dat_i[12]                           1.50    2.08   -0.59 (VIOLATED)
wbs_dat_i[4]                            1.50    2.08   -0.58 (VIOLATED)
wbs_adr_i[8]                            1.50    2.07   -0.57 (VIOLATED)
wbs_dat_i[19]                           1.50    2.05   -0.55 (VIOLATED)
wbs_adr_i[12]                           1.50    2.05   -0.55 (VIOLATED)
wbs_dat_i[11]                           1.50    2.04   -0.54 (VIOLATED)
wbs_adr_i[10]                           1.50    2.03   -0.54 (VIOLATED)
wbs_adr_i[11]                           1.50    2.03   -0.53 (VIOLATED)
wbs_adr_i[13]                           1.50    2.02   -0.52 (VIOLATED)
wbs_dat_i[22]                           1.50    2.01   -0.51 (VIOLATED)
wbs_adr_i[4]                            1.50    2.00   -0.50 (VIOLATED)
wbs_dat_i[20]                           1.50    1.98   -0.48 (VIOLATED)
wbs_adr_i[15]                           1.50    1.96   -0.46 (VIOLATED)
wbs_adr_i[20]                           1.50    1.93   -0.44 (VIOLATED)
wbs_stb_i                               1.50    1.93   -0.43 (VIOLATED)
wbs_adr_i[19]                           1.50    1.92   -0.43 (VIOLATED)
wbs_adr_i[22]                           1.50    1.92   -0.42 (VIOLATED)
wbs_dat_i[23]                           1.50    1.91   -0.42 (VIOLATED)
wbs_dat_i[13]                           1.50    1.90   -0.41 (VIOLATED)
wbs_sel_i[0]                            1.50    1.88   -0.38 (VIOLATED)
wbs_dat_i[29]                           1.50    1.83   -0.33 (VIOLATED)
wbs_adr_i[23]                           1.50    1.79   -0.29 (VIOLATED)
wbs_dat_i[2]                            1.50    1.75   -0.26 (VIOLATED)
wbs_adr_i[6]                            1.50    1.75   -0.25 (VIOLATED)
wbs_dat_i[18]                           1.50    1.75   -0.25 (VIOLATED)
la_oenb[27]                             1.50    1.74   -0.25 (VIOLATED)
wbs_dat_i[30]                           1.50    1.63   -0.13 (VIOLATED)
wbs_adr_i[16]                           1.50    1.61   -0.12 (VIOLATED)
wbs_dat_i[27]                           1.50    1.61   -0.11 (VIOLATED)
wbs_adr_i[0]                            1.50    1.60   -0.10 (VIOLATED)
wbs_dat_i[0]                            1.50    1.59   -0.09 (VIOLATED)
la_oenb[21]                             1.50    1.58   -0.08 (VIOLATED)
wbs_dat_i[24]                           1.50    1.57   -0.07 (VIOLATED)
la_oenb[22]                             1.50    1.57   -0.07 (VIOLATED)
la_oenb[25]                             1.50    1.55   -0.05 (VIOLATED)
la_oenb[26]                             1.50    1.54   -0.05 (VIOLATED)
wbs_dat_i[31]                           1.50    1.54   -0.04 (VIOLATED)

max capacitance

Pin                                    Limit     Cap   Slack
------------------------------------------------------------
wbs_adr_i[3]                            0.33    0.56   -0.22 (VIOLATED)
wbs_adr_i[2]                            0.33    0.55   -0.21 (VIOLATED)
wbs_dat_i[1]                            0.33    0.50   -0.17 (VIOLATED)
wbs_sel_i[1]                            0.33    0.50   -0.17 (VIOLATED)
wbs_adr_i[1]                            0.33    0.50   -0.16 (VIOLATED)
wbs_dat_i[3]                            0.33    0.50   -0.16 (VIOLATED)
wbs_adr_i[7]                            0.33    0.50   -0.16 (VIOLATED)
wbs_sel_i[2]                            0.33    0.49   -0.16 (VIOLATED)
wbs_sel_i[3]                            0.33    0.49   -0.16 (VIOLATED)
wbs_dat_i[10]                           0.33    0.48   -0.15 (VIOLATED)
wbs_dat_i[12]                           0.33    0.48   -0.14 (VIOLATED)
wbs_adr_i[8]                            0.33    0.48   -0.14 (VIOLATED)
wbs_dat_i[4]                            0.33    0.47   -0.14 (VIOLATED)
wbs_adr_i[4]                            0.33    0.47   -0.14 (VIOLATED)
wbs_dat_i[19]                           0.33    0.47   -0.14 (VIOLATED)
wbs_adr_i[12]                           0.33    0.47   -0.13 (VIOLATED)
wbs_adr_i[10]                           0.33    0.46   -0.13 (VIOLATED)
wbs_dat_i[11]                           0.33    0.46   -0.13 (VIOLATED)
wbs_dat_i[22]                           0.33    0.46   -0.13 (VIOLATED)
wbs_adr_i[11]                           0.33    0.46   -0.13 (VIOLATED)
wbs_adr_i[13]                           0.33    0.46   -0.13 (VIOLATED)
wbs_dat_i[20]                           0.33    0.46   -0.12 (VIOLATED)
wbs_adr_i[15]                           0.33    0.45   -0.12 (VIOLATED)
wbs_adr_i[20]                           0.33    0.44   -0.11 (VIOLATED)
wbs_adr_i[19]                           0.33    0.44   -0.11 (VIOLATED)
wbs_adr_i[22]                           0.33    0.44   -0.11 (VIOLATED)
wbs_dat_i[23]                           0.33    0.44   -0.11 (VIOLATED)
wbs_dat_i[13]                           0.33    0.44   -0.11 (VIOLATED)
wbs_stb_i                               0.33    0.43   -0.10 (VIOLATED)
wbs_sel_i[0]                            0.33    0.43   -0.09 (VIOLATED)
wbs_dat_i[29]                           0.33    0.42   -0.08 (VIOLATED)
wbs_adr_i[23]                           0.33    0.41   -0.08 (VIOLATED)
wbs_dat_i[2]                            0.33    0.41   -0.08 (VIOLATED)
la_oenb[27]                             0.33    0.41   -0.07 (VIOLATED)
wbs_adr_i[6]                            0.33    0.40   -0.07 (VIOLATED)
wbs_dat_i[18]                           0.33    0.40   -0.06 (VIOLATED)
wbs_adr_i[16]                           0.33    0.37   -0.04 (VIOLATED)
wbs_adr_i[0]                            0.33    0.37   -0.04 (VIOLATED)
wbs_dat_i[30]                           0.33    0.37   -0.03 (VIOLATED)
wbs_dat_i[0]                            0.33    0.36   -0.03 (VIOLATED)
wbs_dat_i[24]                           0.33    0.36   -0.03 (VIOLATED)
wbs_dat_i[27]                           0.33    0.36   -0.03 (VIOLATED)
la_oenb[21]                             0.33    0.36   -0.03 (VIOLATED)
la_oenb[22]                             0.33    0.36   -0.02 (VIOLATED)
wbs_dat_i[31]                           0.33    0.35   -0.02 (VIOLATED)
la_oenb[25]                             0.33    0.35   -0.02 (VIOLATED)
la_oenb[26]                             0.33    0.35   -0.02 (VIOLATED)
la_oenb[39]                             0.33    0.35   -0.02 (VIOLATED)
io_in[35]                               0.33    0.33   -0.00 (VIOLATED)
la_data_in[59]                          0.33    0.33   -0.00 (VIOLATED)
la_data_in[33]                          0.33    0.33   -0.00 (VIOLATED)


======================= Fastest Corner ===================================

max slew

Pin                                    Limit    Slew   Slack
------------------------------------------------------------
wbs_adr_i[3]                            1.50    1.72   -0.22 (VIOLATED)
wbs_adr_i[2]                            1.50    1.68   -0.19 (VIOLATED)
wbs_dat_i[1]                            1.50    1.61   -0.11 (VIOLATED)
wbs_sel_i[1]                            1.50    1.60   -0.10 (VIOLATED)
wbs_adr_i[1]                            1.50    1.59   -0.09 (VIOLATED)
wbs_dat_i[3]                            1.50    1.58   -0.08 (VIOLATED)
wbs_sel_i[2]                            1.50    1.58   -0.08 (VIOLATED)
wbs_adr_i[7]                            1.50    1.58   -0.08 (VIOLATED)
wbs_sel_i[3]                            1.50    1.56   -0.06 (VIOLATED)
wbs_dat_i[10]                           1.50    1.53   -0.04 (VIOLATED)
wbs_dat_i[12]                           1.50    1.53   -0.03 (VIOLATED)
wbs_dat_i[4]                            1.50    1.52   -0.02 (VIOLATED)
wbs_adr_i[8]                            1.50    1.51   -0.01 (VIOLATED)
wbs_adr_i[12]                           1.50    1.51   -0.01 (VIOLATED)
wbs_dat_i[19]                           1.50    1.50   -0.00 (VIOLATED)

max capacitance

Pin                                    Limit     Cap   Slack
------------------------------------------------------------
wbs_adr_i[3]                            0.43    0.56   -0.12 (VIOLATED)
wbs_adr_i[2]                            0.43    0.55   -0.11 (VIOLATED)
wbs_dat_i[1]                            0.43    0.50   -0.07 (VIOLATED)
wbs_sel_i[1]                            0.43    0.50   -0.06 (VIOLATED)
wbs_adr_i[1]                            0.43    0.50   -0.06 (VIOLATED)
wbs_dat_i[3]                            0.43    0.50   -0.06 (VIOLATED)
wbs_adr_i[7]                            0.43    0.50   -0.06 (VIOLATED)
wbs_sel_i[2]                            0.43    0.49   -0.06 (VIOLATED)
wbs_sel_i[3]                            0.43    0.49   -0.05 (VIOLATED)
wbs_dat_i[10]                           0.43    0.48   -0.05 (VIOLATED)
wbs_dat_i[12]                           0.43    0.48   -0.04 (VIOLATED)
wbs_adr_i[8]                            0.43    0.48   -0.04 (VIOLATED)
wbs_dat_i[4]                            0.43    0.47   -0.04 (VIOLATED)
wbs_adr_i[4]                            0.43    0.47   -0.04 (VIOLATED)
wbs_dat_i[19]                           0.43    0.47   -0.04 (VIOLATED)
wbs_adr_i[12]                           0.43    0.47   -0.03 (VIOLATED)
wbs_adr_i[10]                           0.43    0.46   -0.03 (VIOLATED)
wbs_dat_i[11]                           0.43    0.46   -0.03 (VIOLATED)
wbs_dat_i[22]                           0.43    0.46   -0.03 (VIOLATED)
wbs_adr_i[11]                           0.43    0.46   -0.03 (VIOLATED)
wbs_adr_i[13]                           0.43    0.46   -0.03 (VIOLATED)
wbs_dat_i[20]                           0.43    0.46   -0.02 (VIOLATED)
wbs_adr_i[15]                           0.43    0.45   -0.01 (VIOLATED)
wbs_adr_i[20]                           0.43    0.44   -0.01 (VIOLATED)
wbs_adr_i[19]                           0.43    0.44   -0.01 (VIOLATED)
wbs_adr_i[22]                           0.43    0.44   -0.01 (VIOLATED)
wbs_dat_i[23]                           0.43    0.44   -0.00 (VIOLATED)
wbs_dat_i[13]                           0.43    0.44   -0.00 (VIOLATED)


===========================================================================
max slew violation count 281
max fanout violation count 0
max cap violation count 278
============================================================================
