
===========================================================================
report_checks -path_delay min (Hold)
============================================================================
Startpoint: _16722_ (rising edge-triggered flip-flop clocked by wb_clk_i)
Endpoint: _16557_ (removal check against rising-edge clock wb_clk_i)
Path Group: **async_default**
Path Type: min

Fanout     Cap    Slew   Delay    Time   Description
-----------------------------------------------------------------------------
                          0.00    0.00   clock wb_clk_i (rise edge)
                          0.00    0.00   clock source latency
                  0.13    0.08    0.08 ^ wb_clk_i (in)
     2    0.03                           wb_clk_i (net)
                  0.13    0.00    0.08 ^ repeater7/A (sky130_fd_sc_hd__clkbuf_2)
                  0.13    0.19    0.27 ^ repeater7/X (sky130_fd_sc_hd__clkbuf_2)
     2    0.02                           net285 (net)
                  0.13    0.00    0.27 ^ repeater6/A (sky130_fd_sc_hd__clkbuf_2)
                  0.13    0.19    0.46 ^ repeater6/X (sky130_fd_sc_hd__clkbuf_2)
     2    0.02                           net284 (net)
                  0.13    0.00    0.46 ^ repeater5/A (sky130_fd_sc_hd__clkbuf_2)
                  0.13    0.19    0.65 ^ repeater5/X (sky130_fd_sc_hd__clkbuf_2)
     2    0.02                           net283 (net)
                  0.13    0.00    0.65 ^ repeater4/A (sky130_fd_sc_hd__clkbuf_2)
                  0.14    0.19    0.84 ^ repeater4/X (sky130_fd_sc_hd__clkbuf_2)
     2    0.02                           net282 (net)
                  0.14    0.00    0.84 ^ repeater3/A (sky130_fd_sc_hd__clkbuf_2)
                  0.12    0.18    1.03 ^ repeater3/X (sky130_fd_sc_hd__clkbuf_2)
     2    0.02                           net281 (net)
                  0.12    0.00    1.03 ^ _10470_/A1 (sky130_fd_sc_hd__mux2_2)
                  0.10    0.21    1.23 ^ _10470_/X (sky130_fd_sc_hd__mux2_2)
     1    0.02                           _02866_ (net)
                  0.10    0.00    1.24 ^ repeater1/A (sky130_fd_sc_hd__clkbuf_2)
                  0.13    0.18    1.41 ^ repeater1/X (sky130_fd_sc_hd__clkbuf_2)
     2    0.02                           net279 (net)
                  0.13    0.00    1.41 ^ _10471_/A (sky130_fd_sc_hd__buf_1)
                  0.08    0.12    1.54 ^ _10471_/X (sky130_fd_sc_hd__buf_1)
     1    0.01                           game.board_clk (net)
                  0.08    0.00    1.54 ^ repeater2/A (sky130_fd_sc_hd__clkbuf_2)
                  0.15    0.18    1.72 ^ repeater2/X (sky130_fd_sc_hd__clkbuf_2)
     2    0.03                           net280 (net)
                  0.15    0.00    1.72 ^ clkbuf_0_game.board_clk/A (sky130_fd_sc_hd__clkbuf_16)
                  0.08    0.18    1.91 ^ clkbuf_0_game.board_clk/X (sky130_fd_sc_hd__clkbuf_16)
     8    0.06                           clknet_0_game.board_clk (net)
                  0.08    0.00    1.91 ^ clkbuf_2_0__f_game.board_clk/A (sky130_fd_sc_hd__clkbuf_16)
                  0.10    0.18    2.09 ^ clkbuf_2_0__f_game.board_clk/X (sky130_fd_sc_hd__clkbuf_16)
    26    0.09                           clknet_2_0__leaf_game.board_clk (net)
                  0.11    0.00    2.09 ^ _16722_/CLK (sky130_fd_sc_hd__dfxtp_4)
                  0.11    0.41    2.50 v _16722_/Q (sky130_fd_sc_hd__dfxtp_4)
     8    0.07                           game.color.reset (net)
                  0.11    0.00    2.50 v _15931_/A (sky130_fd_sc_hd__buf_4)
                  0.07    0.19    2.69 v _15931_/X (sky130_fd_sc_hd__buf_4)
     8    0.04                           _08098_ (net)
                  0.07    0.00    2.69 v hold74/A (sky130_fd_sc_hd__clkbuf_2)
                  0.12    0.18    2.87 v hold74/X (sky130_fd_sc_hd__clkbuf_2)
     4    0.03                           net359 (net)
                  0.12    0.00    2.87 v _15992_/A (sky130_fd_sc_hd__clkbuf_2)
                  0.09    0.18    3.05 v _15992_/X (sky130_fd_sc_hd__clkbuf_2)
     5    0.02                           _08112_ (net)
                  0.09    0.00    3.05 v _16005_/A (sky130_fd_sc_hd__clkbuf_4)
                  0.08    0.19    3.24 v _16005_/X (sky130_fd_sc_hd__clkbuf_4)
     5    0.03                           _08115_ (net)
                  0.08    0.00    3.25 v _16009_/A (sky130_fd_sc_hd__inv_2)
                  0.04    0.06    3.30 ^ _16009_/Y (sky130_fd_sc_hd__inv_2)
     1    0.01                           _00314_ (net)
                  0.04    0.00    3.30 ^ _16557_/RESET_B (sky130_fd_sc_hd__dfrtp_1)
                                  3.30   data arrival time

                          0.00    0.00   clock wb_clk_i (rise edge)
                          0.00    0.00   clock source latency
                  0.13    0.09    0.09 ^ wb_clk_i (in)
     2    0.03                           wb_clk_i (net)
                  0.13    0.00    0.09 ^ repeater7/A (sky130_fd_sc_hd__clkbuf_2)
                  0.13    0.21    0.30 ^ repeater7/X (sky130_fd_sc_hd__clkbuf_2)
     2    0.02                           net285 (net)
                  0.13    0.00    0.30 ^ repeater6/A (sky130_fd_sc_hd__clkbuf_2)
                  0.13    0.21    0.51 ^ repeater6/X (sky130_fd_sc_hd__clkbuf_2)
     2    0.02                           net284 (net)
                  0.13    0.00    0.51 ^ repeater5/A (sky130_fd_sc_hd__clkbuf_2)
                  0.13    0.21    0.72 ^ repeater5/X (sky130_fd_sc_hd__clkbuf_2)
     2    0.02                           net283 (net)
                  0.13    0.00    0.72 ^ repeater4/A (sky130_fd_sc_hd__clkbuf_2)
                  0.14    0.21    0.93 ^ repeater4/X (sky130_fd_sc_hd__clkbuf_2)
     2    0.02                           net282 (net)
                  0.14    0.00    0.93 ^ repeater3/A (sky130_fd_sc_hd__clkbuf_2)
                  0.12    0.20    1.13 ^ repeater3/X (sky130_fd_sc_hd__clkbuf_2)
     2    0.02                           net281 (net)
                  0.12    0.00    1.14 ^ _10470_/A1 (sky130_fd_sc_hd__mux2_2)
                  0.10    0.23    1.36 ^ _10470_/X (sky130_fd_sc_hd__mux2_2)
     1    0.02                           _02866_ (net)
                  0.10    0.00    1.37 ^ repeater1/A (sky130_fd_sc_hd__clkbuf_2)
                  0.13    0.20    1.56 ^ repeater1/X (sky130_fd_sc_hd__clkbuf_2)
     2    0.02                           net279 (net)
                  0.13    0.00    1.56 ^ _10471_/A (sky130_fd_sc_hd__buf_1)
                  0.08    0.14    1.70 ^ _10471_/X (sky130_fd_sc_hd__buf_1)
     1    0.01                           game.board_clk (net)
                  0.08    0.00    1.70 ^ repeater2/A (sky130_fd_sc_hd__clkbuf_2)
                  0.15    0.20    1.90 ^ repeater2/X (sky130_fd_sc_hd__clkbuf_2)
     2    0.03                           net280 (net)
                  0.15    0.00    1.91 ^ clkbuf_0_game.board_clk/A (sky130_fd_sc_hd__clkbuf_16)
                  0.08    0.20    2.11 ^ clkbuf_0_game.board_clk/X (sky130_fd_sc_hd__clkbuf_16)
     8    0.06                           clknet_0_game.board_clk (net)
                  0.08    0.00    2.11 ^ clkbuf_2_0__f_game.board_clk/A (sky130_fd_sc_hd__clkbuf_16)
                  0.10    0.20    2.31 ^ clkbuf_2_0__f_game.board_clk/X (sky130_fd_sc_hd__clkbuf_16)
    26    0.09                           clknet_2_0__leaf_game.board_clk (net)
                  0.10    0.00    2.31 ^ _16557_/CLK (sky130_fd_sc_hd__dfrtp_1)
                          0.25    2.56   clock uncertainty
                         -0.22    2.34   clock reconvergence pessimism
                          0.33    2.67   library removal time
                                  2.67   data required time
-----------------------------------------------------------------------------
                                  2.67   data required time
                                 -3.30   data arrival time
-----------------------------------------------------------------------------
                                  0.63   slack (MET)


Startpoint: _16722_ (rising edge-triggered flip-flop clocked by wb_clk_i)
Endpoint: _16554_ (removal check against rising-edge clock wb_clk_i)
Path Group: **async_default**
Path Type: min

Fanout     Cap    Slew   Delay    Time   Description
-----------------------------------------------------------------------------
                          0.00    0.00   clock wb_clk_i (rise edge)
                          0.00    0.00   clock source latency
                  0.13    0.08    0.08 ^ wb_clk_i (in)
     2    0.03                           wb_clk_i (net)
                  0.13    0.00    0.08 ^ repeater7/A (sky130_fd_sc_hd__clkbuf_2)
                  0.13    0.19    0.27 ^ repeater7/X (sky130_fd_sc_hd__clkbuf_2)
     2    0.02                           net285 (net)
                  0.13    0.00    0.27 ^ repeater6/A (sky130_fd_sc_hd__clkbuf_2)
                  0.13    0.19    0.46 ^ repeater6/X (sky130_fd_sc_hd__clkbuf_2)
     2    0.02                           net284 (net)
                  0.13    0.00    0.46 ^ repeater5/A (sky130_fd_sc_hd__clkbuf_2)
                  0.13    0.19    0.65 ^ repeater5/X (sky130_fd_sc_hd__clkbuf_2)
     2    0.02                           net283 (net)
                  0.13    0.00    0.65 ^ repeater4/A (sky130_fd_sc_hd__clkbuf_2)
                  0.14    0.19    0.84 ^ repeater4/X (sky130_fd_sc_hd__clkbuf_2)
     2    0.02                           net282 (net)
                  0.14    0.00    0.84 ^ repeater3/A (sky130_fd_sc_hd__clkbuf_2)
                  0.12    0.18    1.03 ^ repeater3/X (sky130_fd_sc_hd__clkbuf_2)
     2    0.02                           net281 (net)
                  0.12    0.00    1.03 ^ _10470_/A1 (sky130_fd_sc_hd__mux2_2)
                  0.10    0.21    1.23 ^ _10470_/X (sky130_fd_sc_hd__mux2_2)
     1    0.02                           _02866_ (net)
                  0.10    0.00    1.24 ^ repeater1/A (sky130_fd_sc_hd__clkbuf_2)
                  0.13    0.18    1.41 ^ repeater1/X (sky130_fd_sc_hd__clkbuf_2)
     2    0.02                           net279 (net)
                  0.13    0.00    1.41 ^ _10471_/A (sky130_fd_sc_hd__buf_1)
                  0.08    0.12    1.54 ^ _10471_/X (sky130_fd_sc_hd__buf_1)
     1    0.01                           game.board_clk (net)
                  0.08    0.00    1.54 ^ repeater2/A (sky130_fd_sc_hd__clkbuf_2)
                  0.15    0.18    1.72 ^ repeater2/X (sky130_fd_sc_hd__clkbuf_2)
     2    0.03                           net280 (net)
                  0.15    0.00    1.72 ^ clkbuf_0_game.board_clk/A (sky130_fd_sc_hd__clkbuf_16)
                  0.08    0.18    1.91 ^ clkbuf_0_game.board_clk/X (sky130_fd_sc_hd__clkbuf_16)
     8    0.06                           clknet_0_game.board_clk (net)
                  0.08    0.00    1.91 ^ clkbuf_2_0__f_game.board_clk/A (sky130_fd_sc_hd__clkbuf_16)
                  0.10    0.18    2.09 ^ clkbuf_2_0__f_game.board_clk/X (sky130_fd_sc_hd__clkbuf_16)
    26    0.09                           clknet_2_0__leaf_game.board_clk (net)
                  0.11    0.00    2.09 ^ _16722_/CLK (sky130_fd_sc_hd__dfxtp_4)
                  0.11    0.41    2.50 v _16722_/Q (sky130_fd_sc_hd__dfxtp_4)
     8    0.07                           game.color.reset (net)
                  0.11    0.00    2.50 v _15931_/A (sky130_fd_sc_hd__buf_4)
                  0.07    0.19    2.69 v _15931_/X (sky130_fd_sc_hd__buf_4)
     8    0.04                           _08098_ (net)
                  0.07    0.00    2.69 v hold74/A (sky130_fd_sc_hd__clkbuf_2)
                  0.12    0.18    2.87 v hold74/X (sky130_fd_sc_hd__clkbuf_2)
     4    0.03                           net359 (net)
                  0.12    0.00    2.87 v _15992_/A (sky130_fd_sc_hd__clkbuf_2)
                  0.09    0.18    3.05 v _15992_/X (sky130_fd_sc_hd__clkbuf_2)
     5    0.02                           _08112_ (net)
                  0.09    0.00    3.05 v _16005_/A (sky130_fd_sc_hd__clkbuf_4)
                  0.08    0.19    3.24 v _16005_/X (sky130_fd_sc_hd__clkbuf_4)
     5    0.03                           _08115_ (net)
                  0.08    0.00    3.24 v _16006_/A (sky130_fd_sc_hd__inv_2)
                  0.04    0.06    3.31 ^ _16006_/Y (sky130_fd_sc_hd__inv_2)
     1    0.01                           _00311_ (net)
                  0.04    0.00    3.31 ^ _16554_/RESET_B (sky130_fd_sc_hd__dfrtp_1)
                                  3.31   data arrival time

                          0.00    0.00   clock wb_clk_i (rise edge)
                          0.00    0.00   clock source latency
                  0.13    0.09    0.09 ^ wb_clk_i (in)
     2    0.03                           wb_clk_i (net)
                  0.13    0.00    0.09 ^ repeater7/A (sky130_fd_sc_hd__clkbuf_2)
                  0.13    0.21    0.30 ^ repeater7/X (sky130_fd_sc_hd__clkbuf_2)
     2    0.02                           net285 (net)
                  0.13    0.00    0.30 ^ repeater6/A (sky130_fd_sc_hd__clkbuf_2)
                  0.13    0.21    0.51 ^ repeater6/X (sky130_fd_sc_hd__clkbuf_2)
     2    0.02                           net284 (net)
                  0.13    0.00    0.51 ^ repeater5/A (sky130_fd_sc_hd__clkbuf_2)
                  0.13    0.21    0.72 ^ repeater5/X (sky130_fd_sc_hd__clkbuf_2)
     2    0.02                           net283 (net)
                  0.13    0.00    0.72 ^ repeater4/A (sky130_fd_sc_hd__clkbuf_2)
                  0.14    0.21    0.93 ^ repeater4/X (sky130_fd_sc_hd__clkbuf_2)
     2    0.02                           net282 (net)
                  0.14    0.00    0.93 ^ repeater3/A (sky130_fd_sc_hd__clkbuf_2)
                  0.12    0.20    1.13 ^ repeater3/X (sky130_fd_sc_hd__clkbuf_2)
     2    0.02                           net281 (net)
                  0.12    0.00    1.14 ^ _10470_/A1 (sky130_fd_sc_hd__mux2_2)
                  0.10    0.23    1.36 ^ _10470_/X (sky130_fd_sc_hd__mux2_2)
     1    0.02                           _02866_ (net)
                  0.10    0.00    1.37 ^ repeater1/A (sky130_fd_sc_hd__clkbuf_2)
                  0.13    0.20    1.56 ^ repeater1/X (sky130_fd_sc_hd__clkbuf_2)
     2    0.02                           net279 (net)
                  0.13    0.00    1.56 ^ _10471_/A (sky130_fd_sc_hd__buf_1)
                  0.08    0.14    1.70 ^ _10471_/X (sky130_fd_sc_hd__buf_1)
     1    0.01                           game.board_clk (net)
                  0.08    0.00    1.70 ^ repeater2/A (sky130_fd_sc_hd__clkbuf_2)
                  0.15    0.20    1.90 ^ repeater2/X (sky130_fd_sc_hd__clkbuf_2)
     2    0.03                           net280 (net)
                  0.15    0.00    1.91 ^ clkbuf_0_game.board_clk/A (sky130_fd_sc_hd__clkbuf_16)
                  0.08    0.20    2.11 ^ clkbuf_0_game.board_clk/X (sky130_fd_sc_hd__clkbuf_16)
     8    0.06                           clknet_0_game.board_clk (net)
                  0.08    0.00    2.11 ^ clkbuf_2_0__f_game.board_clk/A (sky130_fd_sc_hd__clkbuf_16)
                  0.10    0.20    2.31 ^ clkbuf_2_0__f_game.board_clk/X (sky130_fd_sc_hd__clkbuf_16)
    26    0.09                           clknet_2_0__leaf_game.board_clk (net)
                  0.10    0.00    2.31 ^ _16554_/CLK (sky130_fd_sc_hd__dfrtp_1)
                          0.25    2.56   clock uncertainty
                         -0.22    2.34   clock reconvergence pessimism
                          0.34    2.67   library removal time
                                  2.67   data required time
-----------------------------------------------------------------------------
                                  2.67   data required time
                                 -3.31   data arrival time
-----------------------------------------------------------------------------
                                  0.63   slack (MET)


Startpoint: _16722_ (rising edge-triggered flip-flop clocked by wb_clk_i)
Endpoint: _16552_ (removal check against rising-edge clock wb_clk_i)
Path Group: **async_default**
Path Type: min

Fanout     Cap    Slew   Delay    Time   Description
-----------------------------------------------------------------------------
                          0.00    0.00   clock wb_clk_i (rise edge)
                          0.00    0.00   clock source latency
                  0.13    0.08    0.08 ^ wb_clk_i (in)
     2    0.03                           wb_clk_i (net)
                  0.13    0.00    0.08 ^ repeater7/A (sky130_fd_sc_hd__clkbuf_2)
                  0.13    0.19    0.27 ^ repeater7/X (sky130_fd_sc_hd__clkbuf_2)
     2    0.02                           net285 (net)
                  0.13    0.00    0.27 ^ repeater6/A (sky130_fd_sc_hd__clkbuf_2)
                  0.13    0.19    0.46 ^ repeater6/X (sky130_fd_sc_hd__clkbuf_2)
     2    0.02                           net284 (net)
                  0.13    0.00    0.46 ^ repeater5/A (sky130_fd_sc_hd__clkbuf_2)
                  0.13    0.19    0.65 ^ repeater5/X (sky130_fd_sc_hd__clkbuf_2)
     2    0.02                           net283 (net)
                  0.13    0.00    0.65 ^ repeater4/A (sky130_fd_sc_hd__clkbuf_2)
                  0.14    0.19    0.84 ^ repeater4/X (sky130_fd_sc_hd__clkbuf_2)
     2    0.02                           net282 (net)
                  0.14    0.00    0.84 ^ repeater3/A (sky130_fd_sc_hd__clkbuf_2)
                  0.12    0.18    1.03 ^ repeater3/X (sky130_fd_sc_hd__clkbuf_2)
     2    0.02                           net281 (net)
                  0.12    0.00    1.03 ^ _10470_/A1 (sky130_fd_sc_hd__mux2_2)
                  0.10    0.21    1.23 ^ _10470_/X (sky130_fd_sc_hd__mux2_2)
     1    0.02                           _02866_ (net)
                  0.10    0.00    1.24 ^ repeater1/A (sky130_fd_sc_hd__clkbuf_2)
                  0.13    0.18    1.41 ^ repeater1/X (sky130_fd_sc_hd__clkbuf_2)
     2    0.02                           net279 (net)
                  0.13    0.00    1.41 ^ _10471_/A (sky130_fd_sc_hd__buf_1)
                  0.08    0.12    1.54 ^ _10471_/X (sky130_fd_sc_hd__buf_1)
     1    0.01                           game.board_clk (net)
                  0.08    0.00    1.54 ^ repeater2/A (sky130_fd_sc_hd__clkbuf_2)
                  0.15    0.18    1.72 ^ repeater2/X (sky130_fd_sc_hd__clkbuf_2)
     2    0.03                           net280 (net)
                  0.15    0.00    1.72 ^ clkbuf_0_game.board_clk/A (sky130_fd_sc_hd__clkbuf_16)
                  0.08    0.18    1.91 ^ clkbuf_0_game.board_clk/X (sky130_fd_sc_hd__clkbuf_16)
     8    0.06                           clknet_0_game.board_clk (net)
                  0.08    0.00    1.91 ^ clkbuf_2_0__f_game.board_clk/A (sky130_fd_sc_hd__clkbuf_16)
                  0.10    0.18    2.09 ^ clkbuf_2_0__f_game.board_clk/X (sky130_fd_sc_hd__clkbuf_16)
    26    0.09                           clknet_2_0__leaf_game.board_clk (net)
                  0.11    0.00    2.09 ^ _16722_/CLK (sky130_fd_sc_hd__dfxtp_4)
                  0.11    0.41    2.50 v _16722_/Q (sky130_fd_sc_hd__dfxtp_4)
     8    0.07                           game.color.reset (net)
                  0.11    0.00    2.50 v _15931_/A (sky130_fd_sc_hd__buf_4)
                  0.07    0.19    2.69 v _15931_/X (sky130_fd_sc_hd__buf_4)
     8    0.04                           _08098_ (net)
                  0.07    0.00    2.69 v hold74/A (sky130_fd_sc_hd__clkbuf_2)
                  0.12    0.18    2.87 v hold74/X (sky130_fd_sc_hd__clkbuf_2)
     4    0.03                           net359 (net)
                  0.12    0.00    2.87 v _15992_/A (sky130_fd_sc_hd__clkbuf_2)
                  0.09    0.18    3.05 v _15992_/X (sky130_fd_sc_hd__clkbuf_2)
     5    0.02                           _08112_ (net)
                  0.09    0.00    3.05 v _15999_/A (sky130_fd_sc_hd__clkbuf_4)
                  0.08    0.20    3.25 v _15999_/X (sky130_fd_sc_hd__clkbuf_4)
     5    0.04                           _08114_ (net)
                  0.08    0.00    3.25 v _16003_/A (sky130_fd_sc_hd__inv_2)
                  0.04    0.06    3.31 ^ _16003_/Y (sky130_fd_sc_hd__inv_2)
     1    0.00                           _00309_ (net)
                  0.04    0.00    3.31 ^ _16552_/RESET_B (sky130_fd_sc_hd__dfrtp_1)
                                  3.31   data arrival time

                          0.00    0.00   clock wb_clk_i (rise edge)
                          0.00    0.00   clock source latency
                  0.13    0.09    0.09 ^ wb_clk_i (in)
     2    0.03                           wb_clk_i (net)
                  0.13    0.00    0.09 ^ repeater7/A (sky130_fd_sc_hd__clkbuf_2)
                  0.13    0.21    0.30 ^ repeater7/X (sky130_fd_sc_hd__clkbuf_2)
     2    0.02                           net285 (net)
                  0.13    0.00    0.30 ^ repeater6/A (sky130_fd_sc_hd__clkbuf_2)
                  0.13    0.21    0.51 ^ repeater6/X (sky130_fd_sc_hd__clkbuf_2)
     2    0.02                           net284 (net)
                  0.13    0.00    0.51 ^ repeater5/A (sky130_fd_sc_hd__clkbuf_2)
                  0.13    0.21    0.72 ^ repeater5/X (sky130_fd_sc_hd__clkbuf_2)
     2    0.02                           net283 (net)
                  0.13    0.00    0.72 ^ repeater4/A (sky130_fd_sc_hd__clkbuf_2)
                  0.14    0.21    0.93 ^ repeater4/X (sky130_fd_sc_hd__clkbuf_2)
     2    0.02                           net282 (net)
                  0.14    0.00    0.93 ^ repeater3/A (sky130_fd_sc_hd__clkbuf_2)
                  0.12    0.20    1.13 ^ repeater3/X (sky130_fd_sc_hd__clkbuf_2)
     2    0.02                           net281 (net)
                  0.12    0.00    1.14 ^ _10470_/A1 (sky130_fd_sc_hd__mux2_2)
                  0.10    0.23    1.36 ^ _10470_/X (sky130_fd_sc_hd__mux2_2)
     1    0.02                           _02866_ (net)
                  0.10    0.00    1.37 ^ repeater1/A (sky130_fd_sc_hd__clkbuf_2)
                  0.13    0.20    1.56 ^ repeater1/X (sky130_fd_sc_hd__clkbuf_2)
     2    0.02                           net279 (net)
                  0.13    0.00    1.56 ^ _10471_/A (sky130_fd_sc_hd__buf_1)
                  0.08    0.14    1.70 ^ _10471_/X (sky130_fd_sc_hd__buf_1)
     1    0.01                           game.board_clk (net)
                  0.08    0.00    1.70 ^ repeater2/A (sky130_fd_sc_hd__clkbuf_2)
                  0.15    0.20    1.90 ^ repeater2/X (sky130_fd_sc_hd__clkbuf_2)
     2    0.03                           net280 (net)
                  0.15    0.00    1.91 ^ clkbuf_0_game.board_clk/A (sky130_fd_sc_hd__clkbuf_16)
                  0.08    0.20    2.11 ^ clkbuf_0_game.board_clk/X (sky130_fd_sc_hd__clkbuf_16)
     8    0.06                           clknet_0_game.board_clk (net)
                  0.08    0.00    2.11 ^ clkbuf_2_0__f_game.board_clk/A (sky130_fd_sc_hd__clkbuf_16)
                  0.10    0.20    2.31 ^ clkbuf_2_0__f_game.board_clk/X (sky130_fd_sc_hd__clkbuf_16)
    26    0.09                           clknet_2_0__leaf_game.board_clk (net)
                  0.11    0.00    2.31 ^ _16552_/CLK (sky130_fd_sc_hd__dfrtp_1)
                          0.25    2.56   clock uncertainty
                         -0.22    2.34   clock reconvergence pessimism
                          0.33    2.67   library removal time
                                  2.67   data required time
-----------------------------------------------------------------------------
                                  2.67   data required time
                                 -3.31   data arrival time
-----------------------------------------------------------------------------
                                  0.64   slack (MET)


Startpoint: _16722_ (rising edge-triggered flip-flop clocked by wb_clk_i)
Endpoint: _16551_ (removal check against rising-edge clock wb_clk_i)
Path Group: **async_default**
Path Type: min

Fanout     Cap    Slew   Delay    Time   Description
-----------------------------------------------------------------------------
                          0.00    0.00   clock wb_clk_i (rise edge)
                          0.00    0.00   clock source latency
                  0.13    0.08    0.08 ^ wb_clk_i (in)
     2    0.03                           wb_clk_i (net)
                  0.13    0.00    0.08 ^ repeater7/A (sky130_fd_sc_hd__clkbuf_2)
                  0.13    0.19    0.27 ^ repeater7/X (sky130_fd_sc_hd__clkbuf_2)
     2    0.02                           net285 (net)
                  0.13    0.00    0.27 ^ repeater6/A (sky130_fd_sc_hd__clkbuf_2)
                  0.13    0.19    0.46 ^ repeater6/X (sky130_fd_sc_hd__clkbuf_2)
     2    0.02                           net284 (net)
                  0.13    0.00    0.46 ^ repeater5/A (sky130_fd_sc_hd__clkbuf_2)
                  0.13    0.19    0.65 ^ repeater5/X (sky130_fd_sc_hd__clkbuf_2)
     2    0.02                           net283 (net)
                  0.13    0.00    0.65 ^ repeater4/A (sky130_fd_sc_hd__clkbuf_2)
                  0.14    0.19    0.84 ^ repeater4/X (sky130_fd_sc_hd__clkbuf_2)
     2    0.02                           net282 (net)
                  0.14    0.00    0.84 ^ repeater3/A (sky130_fd_sc_hd__clkbuf_2)
                  0.12    0.18    1.03 ^ repeater3/X (sky130_fd_sc_hd__clkbuf_2)
     2    0.02                           net281 (net)
                  0.12    0.00    1.03 ^ _10470_/A1 (sky130_fd_sc_hd__mux2_2)
                  0.10    0.21    1.23 ^ _10470_/X (sky130_fd_sc_hd__mux2_2)
     1    0.02                           _02866_ (net)
                  0.10    0.00    1.24 ^ repeater1/A (sky130_fd_sc_hd__clkbuf_2)
                  0.13    0.18    1.41 ^ repeater1/X (sky130_fd_sc_hd__clkbuf_2)
     2    0.02                           net279 (net)
                  0.13    0.00    1.41 ^ _10471_/A (sky130_fd_sc_hd__buf_1)
                  0.08    0.12    1.54 ^ _10471_/X (sky130_fd_sc_hd__buf_1)
     1    0.01                           game.board_clk (net)
                  0.08    0.00    1.54 ^ repeater2/A (sky130_fd_sc_hd__clkbuf_2)
                  0.15    0.18    1.72 ^ repeater2/X (sky130_fd_sc_hd__clkbuf_2)
     2    0.03                           net280 (net)
                  0.15    0.00    1.72 ^ clkbuf_0_game.board_clk/A (sky130_fd_sc_hd__clkbuf_16)
                  0.08    0.18    1.91 ^ clkbuf_0_game.board_clk/X (sky130_fd_sc_hd__clkbuf_16)
     8    0.06                           clknet_0_game.board_clk (net)
                  0.08    0.00    1.91 ^ clkbuf_2_0__f_game.board_clk/A (sky130_fd_sc_hd__clkbuf_16)
                  0.10    0.18    2.09 ^ clkbuf_2_0__f_game.board_clk/X (sky130_fd_sc_hd__clkbuf_16)
    26    0.09                           clknet_2_0__leaf_game.board_clk (net)
                  0.11    0.00    2.09 ^ _16722_/CLK (sky130_fd_sc_hd__dfxtp_4)
                  0.11    0.41    2.50 v _16722_/Q (sky130_fd_sc_hd__dfxtp_4)
     8    0.07                           game.color.reset (net)
                  0.11    0.00    2.50 v _15931_/A (sky130_fd_sc_hd__buf_4)
                  0.07    0.19    2.69 v _15931_/X (sky130_fd_sc_hd__buf_4)
     8    0.04                           _08098_ (net)
                  0.07    0.00    2.69 v hold74/A (sky130_fd_sc_hd__clkbuf_2)
                  0.12    0.18    2.87 v hold74/X (sky130_fd_sc_hd__clkbuf_2)
     4    0.03                           net359 (net)
                  0.12    0.00    2.87 v _15992_/A (sky130_fd_sc_hd__clkbuf_2)
                  0.09    0.18    3.05 v _15992_/X (sky130_fd_sc_hd__clkbuf_2)
     5    0.02                           _08112_ (net)
                  0.09    0.00    3.05 v _15999_/A (sky130_fd_sc_hd__clkbuf_4)
                  0.08    0.20    3.25 v _15999_/X (sky130_fd_sc_hd__clkbuf_4)
     5    0.04                           _08114_ (net)
                  0.08    0.00    3.25 v _16002_/A (sky130_fd_sc_hd__inv_2)
                  0.04    0.06    3.31 ^ _16002_/Y (sky130_fd_sc_hd__inv_2)
     1    0.00                           _00308_ (net)
                  0.04    0.00    3.31 ^ _16551_/RESET_B (sky130_fd_sc_hd__dfrtp_1)
                                  3.31   data arrival time

                          0.00    0.00   clock wb_clk_i (rise edge)
                          0.00    0.00   clock source latency
                  0.13    0.09    0.09 ^ wb_clk_i (in)
     2    0.03                           wb_clk_i (net)
                  0.13    0.00    0.09 ^ repeater7/A (sky130_fd_sc_hd__clkbuf_2)
                  0.13    0.21    0.30 ^ repeater7/X (sky130_fd_sc_hd__clkbuf_2)
     2    0.02                           net285 (net)
                  0.13    0.00    0.30 ^ repeater6/A (sky130_fd_sc_hd__clkbuf_2)
                  0.13    0.21    0.51 ^ repeater6/X (sky130_fd_sc_hd__clkbuf_2)
     2    0.02                           net284 (net)
                  0.13    0.00    0.51 ^ repeater5/A (sky130_fd_sc_hd__clkbuf_2)
                  0.13    0.21    0.72 ^ repeater5/X (sky130_fd_sc_hd__clkbuf_2)
     2    0.02                           net283 (net)
                  0.13    0.00    0.72 ^ repeater4/A (sky130_fd_sc_hd__clkbuf_2)
                  0.14    0.21    0.93 ^ repeater4/X (sky130_fd_sc_hd__clkbuf_2)
     2    0.02                           net282 (net)
                  0.14    0.00    0.93 ^ repeater3/A (sky130_fd_sc_hd__clkbuf_2)
                  0.12    0.20    1.13 ^ repeater3/X (sky130_fd_sc_hd__clkbuf_2)
     2    0.02                           net281 (net)
                  0.12    0.00    1.14 ^ _10470_/A1 (sky130_fd_sc_hd__mux2_2)
                  0.10    0.23    1.36 ^ _10470_/X (sky130_fd_sc_hd__mux2_2)
     1    0.02                           _02866_ (net)
                  0.10    0.00    1.37 ^ repeater1/A (sky130_fd_sc_hd__clkbuf_2)
                  0.13    0.20    1.56 ^ repeater1/X (sky130_fd_sc_hd__clkbuf_2)
     2    0.02                           net279 (net)
                  0.13    0.00    1.56 ^ _10471_/A (sky130_fd_sc_hd__buf_1)
                  0.08    0.14    1.70 ^ _10471_/X (sky130_fd_sc_hd__buf_1)
     1    0.01                           game.board_clk (net)
                  0.08    0.00    1.70 ^ repeater2/A (sky130_fd_sc_hd__clkbuf_2)
                  0.15    0.20    1.90 ^ repeater2/X (sky130_fd_sc_hd__clkbuf_2)
     2    0.03                           net280 (net)
                  0.15    0.00    1.91 ^ clkbuf_0_game.board_clk/A (sky130_fd_sc_hd__clkbuf_16)
                  0.08    0.20    2.11 ^ clkbuf_0_game.board_clk/X (sky130_fd_sc_hd__clkbuf_16)
     8    0.06                           clknet_0_game.board_clk (net)
                  0.08    0.00    2.11 ^ clkbuf_2_0__f_game.board_clk/A (sky130_fd_sc_hd__clkbuf_16)
                  0.10    0.20    2.31 ^ clkbuf_2_0__f_game.board_clk/X (sky130_fd_sc_hd__clkbuf_16)
    26    0.09                           clknet_2_0__leaf_game.board_clk (net)
                  0.10    0.00    2.31 ^ _16551_/CLK (sky130_fd_sc_hd__dfrtp_1)
                          0.25    2.56   clock uncertainty
                         -0.22    2.34   clock reconvergence pessimism
                          0.33    2.67   library removal time
                                  2.67   data required time
-----------------------------------------------------------------------------
                                  2.67   data required time
                                 -3.31   data arrival time
-----------------------------------------------------------------------------
                                  0.64   slack (MET)


Startpoint: _16722_ (rising edge-triggered flip-flop clocked by wb_clk_i)
Endpoint: _16553_ (removal check against rising-edge clock wb_clk_i)
Path Group: **async_default**
Path Type: min

Fanout     Cap    Slew   Delay    Time   Description
-----------------------------------------------------------------------------
                          0.00    0.00   clock wb_clk_i (rise edge)
                          0.00    0.00   clock source latency
                  0.13    0.08    0.08 ^ wb_clk_i (in)
     2    0.03                           wb_clk_i (net)
                  0.13    0.00    0.08 ^ repeater7/A (sky130_fd_sc_hd__clkbuf_2)
                  0.13    0.19    0.27 ^ repeater7/X (sky130_fd_sc_hd__clkbuf_2)
     2    0.02                           net285 (net)
                  0.13    0.00    0.27 ^ repeater6/A (sky130_fd_sc_hd__clkbuf_2)
                  0.13    0.19    0.46 ^ repeater6/X (sky130_fd_sc_hd__clkbuf_2)
     2    0.02                           net284 (net)
                  0.13    0.00    0.46 ^ repeater5/A (sky130_fd_sc_hd__clkbuf_2)
                  0.13    0.19    0.65 ^ repeater5/X (sky130_fd_sc_hd__clkbuf_2)
     2    0.02                           net283 (net)
                  0.13    0.00    0.65 ^ repeater4/A (sky130_fd_sc_hd__clkbuf_2)
                  0.14    0.19    0.84 ^ repeater4/X (sky130_fd_sc_hd__clkbuf_2)
     2    0.02                           net282 (net)
                  0.14    0.00    0.84 ^ repeater3/A (sky130_fd_sc_hd__clkbuf_2)
                  0.12    0.18    1.03 ^ repeater3/X (sky130_fd_sc_hd__clkbuf_2)
     2    0.02                           net281 (net)
                  0.12    0.00    1.03 ^ _10470_/A1 (sky130_fd_sc_hd__mux2_2)
                  0.10    0.21    1.23 ^ _10470_/X (sky130_fd_sc_hd__mux2_2)
     1    0.02                           _02866_ (net)
                  0.10    0.00    1.24 ^ repeater1/A (sky130_fd_sc_hd__clkbuf_2)
                  0.13    0.18    1.41 ^ repeater1/X (sky130_fd_sc_hd__clkbuf_2)
     2    0.02                           net279 (net)
                  0.13    0.00    1.41 ^ _10471_/A (sky130_fd_sc_hd__buf_1)
                  0.08    0.12    1.54 ^ _10471_/X (sky130_fd_sc_hd__buf_1)
     1    0.01                           game.board_clk (net)
                  0.08    0.00    1.54 ^ repeater2/A (sky130_fd_sc_hd__clkbuf_2)
                  0.15    0.18    1.72 ^ repeater2/X (sky130_fd_sc_hd__clkbuf_2)
     2    0.03                           net280 (net)
                  0.15    0.00    1.72 ^ clkbuf_0_game.board_clk/A (sky130_fd_sc_hd__clkbuf_16)
                  0.08    0.18    1.91 ^ clkbuf_0_game.board_clk/X (sky130_fd_sc_hd__clkbuf_16)
     8    0.06                           clknet_0_game.board_clk (net)
                  0.08    0.00    1.91 ^ clkbuf_2_0__f_game.board_clk/A (sky130_fd_sc_hd__clkbuf_16)
                  0.10    0.18    2.09 ^ clkbuf_2_0__f_game.board_clk/X (sky130_fd_sc_hd__clkbuf_16)
    26    0.09                           clknet_2_0__leaf_game.board_clk (net)
                  0.11    0.00    2.09 ^ _16722_/CLK (sky130_fd_sc_hd__dfxtp_4)
                  0.11    0.41    2.50 v _16722_/Q (sky130_fd_sc_hd__dfxtp_4)
     8    0.07                           game.color.reset (net)
                  0.11    0.00    2.50 v _15931_/A (sky130_fd_sc_hd__buf_4)
                  0.07    0.19    2.69 v _15931_/X (sky130_fd_sc_hd__buf_4)
     8    0.04                           _08098_ (net)
                  0.07    0.00    2.69 v hold74/A (sky130_fd_sc_hd__clkbuf_2)
                  0.12    0.18    2.87 v hold74/X (sky130_fd_sc_hd__clkbuf_2)
     4    0.03                           net359 (net)
                  0.12    0.00    2.87 v _15992_/A (sky130_fd_sc_hd__clkbuf_2)
                  0.09    0.18    3.05 v _15992_/X (sky130_fd_sc_hd__clkbuf_2)
     5    0.02                           _08112_ (net)
                  0.09    0.00    3.05 v _15999_/A (sky130_fd_sc_hd__clkbuf_4)
                  0.08    0.20    3.25 v _15999_/X (sky130_fd_sc_hd__clkbuf_4)
     5    0.04                           _08114_ (net)
                  0.08    0.00    3.25 v _16004_/A (sky130_fd_sc_hd__inv_2)
                  0.04    0.06    3.31 ^ _16004_/Y (sky130_fd_sc_hd__inv_2)
     1    0.01                           _00310_ (net)
                  0.04    0.00    3.31 ^ _16553_/RESET_B (sky130_fd_sc_hd__dfrtp_1)
                                  3.31   data arrival time

                          0.00    0.00   clock wb_clk_i (rise edge)
                          0.00    0.00   clock source latency
                  0.13    0.09    0.09 ^ wb_clk_i (in)
     2    0.03                           wb_clk_i (net)
                  0.13    0.00    0.09 ^ repeater7/A (sky130_fd_sc_hd__clkbuf_2)
                  0.13    0.21    0.30 ^ repeater7/X (sky130_fd_sc_hd__clkbuf_2)
     2    0.02                           net285 (net)
                  0.13    0.00    0.30 ^ repeater6/A (sky130_fd_sc_hd__clkbuf_2)
                  0.13    0.21    0.51 ^ repeater6/X (sky130_fd_sc_hd__clkbuf_2)
     2    0.02                           net284 (net)
                  0.13    0.00    0.51 ^ repeater5/A (sky130_fd_sc_hd__clkbuf_2)
                  0.13    0.21    0.72 ^ repeater5/X (sky130_fd_sc_hd__clkbuf_2)
     2    0.02                           net283 (net)
                  0.13    0.00    0.72 ^ repeater4/A (sky130_fd_sc_hd__clkbuf_2)
                  0.14    0.21    0.93 ^ repeater4/X (sky130_fd_sc_hd__clkbuf_2)
     2    0.02                           net282 (net)
                  0.14    0.00    0.93 ^ repeater3/A (sky130_fd_sc_hd__clkbuf_2)
                  0.12    0.20    1.13 ^ repeater3/X (sky130_fd_sc_hd__clkbuf_2)
     2    0.02                           net281 (net)
                  0.12    0.00    1.14 ^ _10470_/A1 (sky130_fd_sc_hd__mux2_2)
                  0.10    0.23    1.36 ^ _10470_/X (sky130_fd_sc_hd__mux2_2)
     1    0.02                           _02866_ (net)
                  0.10    0.00    1.37 ^ repeater1/A (sky130_fd_sc_hd__clkbuf_2)
                  0.13    0.20    1.56 ^ repeater1/X (sky130_fd_sc_hd__clkbuf_2)
     2    0.02                           net279 (net)
                  0.13    0.00    1.56 ^ _10471_/A (sky130_fd_sc_hd__buf_1)
                  0.08    0.14    1.70 ^ _10471_/X (sky130_fd_sc_hd__buf_1)
     1    0.01                           game.board_clk (net)
                  0.08    0.00    1.70 ^ repeater2/A (sky130_fd_sc_hd__clkbuf_2)
                  0.15    0.20    1.90 ^ repeater2/X (sky130_fd_sc_hd__clkbuf_2)
     2    0.03                           net280 (net)
                  0.15    0.00    1.91 ^ clkbuf_0_game.board_clk/A (sky130_fd_sc_hd__clkbuf_16)
                  0.08    0.20    2.11 ^ clkbuf_0_game.board_clk/X (sky130_fd_sc_hd__clkbuf_16)
     8    0.06                           clknet_0_game.board_clk (net)
                  0.08    0.00    2.11 ^ clkbuf_2_0__f_game.board_clk/A (sky130_fd_sc_hd__clkbuf_16)
                  0.10    0.20    2.31 ^ clkbuf_2_0__f_game.board_clk/X (sky130_fd_sc_hd__clkbuf_16)
    26    0.09                           clknet_2_0__leaf_game.board_clk (net)
                  0.11    0.00    2.31 ^ _16553_/CLK (sky130_fd_sc_hd__dfrtp_1)
                          0.25    2.56   clock uncertainty
                         -0.22    2.34   clock reconvergence pessimism
                          0.33    2.68   library removal time
                                  2.68   data required time
-----------------------------------------------------------------------------
                                  2.68   data required time
                                 -3.31   data arrival time
-----------------------------------------------------------------------------
                                  0.64   slack (MET)


Startpoint: wb_rst_i (input port clocked by wb_clk_i)
Endpoint: _16722_ (rising edge-triggered flip-flop clocked by wb_clk_i)
Path Group: wb_clk_i
Path Type: min

Fanout     Cap    Slew   Delay    Time   Description
-----------------------------------------------------------------------------
                          0.00    0.00   clock wb_clk_i (rise edge)
                          0.00    0.00   clock network delay (propagated)
                          2.00    2.00 ^ input external delay
                  0.07    0.05    2.05 ^ wb_rst_i (in)
     2    0.01                           wb_rst_i (net)
                  0.07    0.00    2.05 ^ input8/A (sky130_fd_sc_hd__clkbuf_16)
                  0.13    0.18    2.23 ^ input8/X (sky130_fd_sc_hd__clkbuf_16)
     2    0.12                           net8 (net)
                  0.15    0.04    2.27 ^ _16031_/A1 (sky130_fd_sc_hd__mux2_4)
                  0.11    0.22    2.49 ^ _16031_/X (sky130_fd_sc_hd__mux2_4)
     2    0.03                           _08120_ (net)
                  0.11    0.00    2.49 ^ _16032_/A (sky130_fd_sc_hd__clkbuf_2)
                  0.03    0.11    2.60 ^ _16032_/X (sky130_fd_sc_hd__clkbuf_2)
     1    0.00                           _00685_ (net)
                  0.03    0.00    2.60 ^ hold12/A (sky130_fd_sc_hd__clkbuf_2)
                  0.14    0.16    2.75 ^ hold12/X (sky130_fd_sc_hd__clkbuf_2)
     3    0.02                           net297 (net)
                  0.14    0.00    2.76 ^ _16269_/A0 (sky130_fd_sc_hd__mux2_1)
                  0.06    0.15    2.91 ^ _16269_/X (sky130_fd_sc_hd__mux2_1)
     1    0.01                           _08211_ (net)
                  0.06    0.00    2.91 ^ _16270_/A (sky130_fd_sc_hd__clkbuf_1)
                  0.05    0.09    3.00 ^ _16270_/X (sky130_fd_sc_hd__clkbuf_1)
     1    0.00                           _00780_ (net)
                  0.05    0.00    3.00 ^ _16722_/D (sky130_fd_sc_hd__dfxtp_4)
                                  3.00   data arrival time

                          0.00    0.00   clock wb_clk_i (rise edge)
                          0.00    0.00   clock source latency
                  0.13    0.09    0.09 ^ wb_clk_i (in)
     2    0.03                           wb_clk_i (net)
                  0.13    0.00    0.09 ^ repeater7/A (sky130_fd_sc_hd__clkbuf_2)
                  0.13    0.21    0.30 ^ repeater7/X (sky130_fd_sc_hd__clkbuf_2)
     2    0.02                           net285 (net)
                  0.13    0.00    0.30 ^ repeater6/A (sky130_fd_sc_hd__clkbuf_2)
                  0.13    0.21    0.51 ^ repeater6/X (sky130_fd_sc_hd__clkbuf_2)
     2    0.02                           net284 (net)
                  0.13    0.00    0.51 ^ repeater5/A (sky130_fd_sc_hd__clkbuf_2)
                  0.13    0.21    0.72 ^ repeater5/X (sky130_fd_sc_hd__clkbuf_2)
     2    0.02                           net283 (net)
                  0.13    0.00    0.72 ^ repeater4/A (sky130_fd_sc_hd__clkbuf_2)
                  0.14    0.21    0.93 ^ repeater4/X (sky130_fd_sc_hd__clkbuf_2)
     2    0.02                           net282 (net)
                  0.14    0.00    0.93 ^ repeater3/A (sky130_fd_sc_hd__clkbuf_2)
                  0.12    0.20    1.13 ^ repeater3/X (sky130_fd_sc_hd__clkbuf_2)
     2    0.02                           net281 (net)
                  0.12    0.00    1.14 ^ _10470_/A1 (sky130_fd_sc_hd__mux2_2)
                  0.10    0.23    1.36 ^ _10470_/X (sky130_fd_sc_hd__mux2_2)
     1    0.02                           _02866_ (net)
                  0.10    0.00    1.37 ^ repeater1/A (sky130_fd_sc_hd__clkbuf_2)
                  0.13    0.20    1.56 ^ repeater1/X (sky130_fd_sc_hd__clkbuf_2)
     2    0.02                           net279 (net)
                  0.13    0.00    1.56 ^ _10471_/A (sky130_fd_sc_hd__buf_1)
                  0.08    0.14    1.70 ^ _10471_/X (sky130_fd_sc_hd__buf_1)
     1    0.01                           game.board_clk (net)
                  0.08    0.00    1.70 ^ repeater2/A (sky130_fd_sc_hd__clkbuf_2)
                  0.15    0.20    1.90 ^ repeater2/X (sky130_fd_sc_hd__clkbuf_2)
     2    0.03                           net280 (net)
                  0.15    0.00    1.91 ^ clkbuf_0_game.board_clk/A (sky130_fd_sc_hd__clkbuf_16)
                  0.08    0.20    2.11 ^ clkbuf_0_game.board_clk/X (sky130_fd_sc_hd__clkbuf_16)
     8    0.06                           clknet_0_game.board_clk (net)
                  0.08    0.00    2.11 ^ clkbuf_2_0__f_game.board_clk/A (sky130_fd_sc_hd__clkbuf_16)
                  0.10    0.20    2.31 ^ clkbuf_2_0__f_game.board_clk/X (sky130_fd_sc_hd__clkbuf_16)
    26    0.09                           clknet_2_0__leaf_game.board_clk (net)
                  0.11    0.00    2.31 ^ _16722_/CLK (sky130_fd_sc_hd__dfxtp_4)
                          0.25    2.56   clock uncertainty
                          0.00    2.56   clock reconvergence pessimism
                         -0.03    2.53   library hold time
                                  2.53   data required time
-----------------------------------------------------------------------------
                                  2.53   data required time
                                 -3.00   data arrival time
-----------------------------------------------------------------------------
                                  0.46   slack (MET)


Startpoint: io_in[2] (input port clocked by wb_clk_i)
Endpoint: _16723_ (rising edge-triggered flip-flop clocked by wb_clk_i)
Path Group: wb_clk_i
Path Type: min

Fanout     Cap    Slew   Delay    Time   Description
-----------------------------------------------------------------------------
                          0.00    0.00   clock wb_clk_i (rise edge)
                          0.00    0.00   clock network delay (propagated)
                          2.00    2.00 v input external delay
                  0.02    0.01    2.01 v io_in[2] (in)
     2    0.01                           io_in[2] (net)
                  0.02    0.00    2.01 v hold2/A (sky130_fd_sc_hd__clkdlybuf4s25_1)
                  0.05    0.23    2.24 v hold2/X (sky130_fd_sc_hd__clkdlybuf4s25_1)
     1    0.00                           net287 (net)
                  0.05    0.00    2.24 v input3/A (sky130_fd_sc_hd__clkbuf_4)
                  0.03    0.12    2.36 v input3/X (sky130_fd_sc_hd__clkbuf_4)
     1    0.00                           net3 (net)
                  0.03    0.00    2.36 v hold1/A (sky130_fd_sc_hd__clkbuf_4)
                  0.11    0.19    2.55 v hold1/X (sky130_fd_sc_hd__clkbuf_4)
    10    0.05                           net286 (net)
                  0.11    0.01    2.56 v _16271_/A (sky130_fd_sc_hd__clkbuf_1)
                  0.04    0.12    2.68 v _16271_/X (sky130_fd_sc_hd__clkbuf_1)
     1    0.00                           _08212_ (net)
                  0.04    0.00    2.68 v _16272_/A (sky130_fd_sc_hd__clkbuf_1)
                  0.04    0.09    2.77 v _16272_/X (sky130_fd_sc_hd__clkbuf_1)
     1    0.01                           _00781_ (net)
                  0.04    0.00    2.77 v hold4/A (sky130_fd_sc_hd__clkdlybuf4s25_1)
                  0.04    0.23    3.00 v hold4/X (sky130_fd_sc_hd__clkdlybuf4s25_1)
     1    0.00                           net289 (net)
                  0.04    0.00    3.00 v _16723_/D (sky130_fd_sc_hd__dfxtp_2)
                                  3.00   data arrival time

                          0.00    0.00   clock wb_clk_i (rise edge)
                          0.00    0.00   clock source latency
                  0.13    0.09    0.09 ^ wb_clk_i (in)
     2    0.03                           wb_clk_i (net)
                  0.13    0.00    0.09 ^ repeater7/A (sky130_fd_sc_hd__clkbuf_2)
                  0.13    0.21    0.30 ^ repeater7/X (sky130_fd_sc_hd__clkbuf_2)
     2    0.02                           net285 (net)
                  0.13    0.00    0.30 ^ repeater6/A (sky130_fd_sc_hd__clkbuf_2)
                  0.13    0.21    0.51 ^ repeater6/X (sky130_fd_sc_hd__clkbuf_2)
     2    0.02                           net284 (net)
                  0.13    0.00    0.51 ^ repeater5/A (sky130_fd_sc_hd__clkbuf_2)
                  0.13    0.21    0.72 ^ repeater5/X (sky130_fd_sc_hd__clkbuf_2)
     2    0.02                           net283 (net)
                  0.13    0.00    0.72 ^ repeater4/A (sky130_fd_sc_hd__clkbuf_2)
                  0.14    0.21    0.93 ^ repeater4/X (sky130_fd_sc_hd__clkbuf_2)
     2    0.02                           net282 (net)
                  0.14    0.00    0.93 ^ repeater3/A (sky130_fd_sc_hd__clkbuf_2)
                  0.12    0.20    1.13 ^ repeater3/X (sky130_fd_sc_hd__clkbuf_2)
     2    0.02                           net281 (net)
                  0.12    0.00    1.14 ^ _10470_/A1 (sky130_fd_sc_hd__mux2_2)
                  0.10    0.23    1.36 ^ _10470_/X (sky130_fd_sc_hd__mux2_2)
     1    0.02                           _02866_ (net)
                  0.10    0.00    1.37 ^ repeater1/A (sky130_fd_sc_hd__clkbuf_2)
                  0.13    0.20    1.56 ^ repeater1/X (sky130_fd_sc_hd__clkbuf_2)
     2    0.02                           net279 (net)
                  0.13    0.00    1.56 ^ _10471_/A (sky130_fd_sc_hd__buf_1)
                  0.08    0.14    1.70 ^ _10471_/X (sky130_fd_sc_hd__buf_1)
     1    0.01                           game.board_clk (net)
                  0.08    0.00    1.70 ^ repeater2/A (sky130_fd_sc_hd__clkbuf_2)
                  0.15    0.20    1.90 ^ repeater2/X (sky130_fd_sc_hd__clkbuf_2)
     2    0.03                           net280 (net)
                  0.15    0.00    1.91 ^ clkbuf_0_game.board_clk/A (sky130_fd_sc_hd__clkbuf_16)
                  0.08    0.20    2.11 ^ clkbuf_0_game.board_clk/X (sky130_fd_sc_hd__clkbuf_16)
     8    0.06                           clknet_0_game.board_clk (net)
                  0.08    0.00    2.11 ^ clkbuf_2_3__f_game.board_clk/A (sky130_fd_sc_hd__clkbuf_16)
                  0.08    0.18    2.29 ^ clkbuf_2_3__f_game.board_clk/X (sky130_fd_sc_hd__clkbuf_16)
    18    0.06                           clknet_2_3__leaf_game.board_clk (net)
                  0.08    0.00    2.29 ^ _16723_/CLK (sky130_fd_sc_hd__dfxtp_2)
                          0.25    2.54   clock uncertainty
                          0.00    2.54   clock reconvergence pessimism
                         -0.04    2.50   library hold time
                                  2.50   data required time
-----------------------------------------------------------------------------
                                  2.50   data required time
                                 -3.00   data arrival time
-----------------------------------------------------------------------------
                                  0.49   slack (MET)


Startpoint: io_in[2] (input port clocked by wb_clk_i)
Endpoint: _16711_ (rising edge-triggered flip-flop clocked by wb_clk_i)
Path Group: wb_clk_i
Path Type: min

Fanout     Cap    Slew   Delay    Time   Description
-----------------------------------------------------------------------------
                          0.00    0.00   clock wb_clk_i (rise edge)
                          0.00    0.00   clock network delay (propagated)
                          2.00    2.00 ^ input external delay
                  0.04    0.03    2.03 ^ io_in[2] (in)
     2    0.01                           io_in[2] (net)
                  0.04    0.00    2.03 ^ hold2/A (sky130_fd_sc_hd__clkdlybuf4s25_1)
                  0.06    0.24    2.27 ^ hold2/X (sky130_fd_sc_hd__clkdlybuf4s25_1)
     1    0.00                           net287 (net)
                  0.06    0.00    2.27 ^ input3/A (sky130_fd_sc_hd__clkbuf_4)
                  0.03    0.11    2.38 ^ input3/X (sky130_fd_sc_hd__clkbuf_4)
     1    0.00                           net3 (net)
                  0.03    0.00    2.38 ^ hold1/A (sky130_fd_sc_hd__clkbuf_4)
                  0.17    0.21    2.59 ^ hold1/X (sky130_fd_sc_hd__clkbuf_4)
    10    0.06                           net286 (net)
                  0.17    0.01    2.60 ^ _16236_/A2 (sky130_fd_sc_hd__a31o_1)
                  0.05    0.17    2.76 ^ _16236_/X (sky130_fd_sc_hd__a31o_1)
     1    0.00                           _00769_ (net)
                  0.05    0.00    2.76 ^ hold3/A (sky130_fd_sc_hd__clkdlybuf4s25_1)
                  0.05    0.24    3.00 ^ hold3/X (sky130_fd_sc_hd__clkdlybuf4s25_1)
     1    0.00                           net288 (net)
                  0.05    0.00    3.00 ^ _16711_/D (sky130_fd_sc_hd__dfxtp_4)
                                  3.00   data arrival time

                          0.00    0.00   clock wb_clk_i (rise edge)
                          0.00    0.00   clock source latency
                  0.13    0.09    0.09 ^ wb_clk_i (in)
     2    0.03                           wb_clk_i (net)
                  0.13    0.00    0.09 ^ repeater7/A (sky130_fd_sc_hd__clkbuf_2)
                  0.13    0.21    0.30 ^ repeater7/X (sky130_fd_sc_hd__clkbuf_2)
     2    0.02                           net285 (net)
                  0.13    0.00    0.30 ^ repeater6/A (sky130_fd_sc_hd__clkbuf_2)
                  0.13    0.21    0.51 ^ repeater6/X (sky130_fd_sc_hd__clkbuf_2)
     2    0.02                           net284 (net)
                  0.13    0.00    0.51 ^ repeater5/A (sky130_fd_sc_hd__clkbuf_2)
                  0.13    0.21    0.72 ^ repeater5/X (sky130_fd_sc_hd__clkbuf_2)
     2    0.02                           net283 (net)
                  0.13    0.00    0.72 ^ repeater4/A (sky130_fd_sc_hd__clkbuf_2)
                  0.14    0.21    0.93 ^ repeater4/X (sky130_fd_sc_hd__clkbuf_2)
     2    0.02                           net282 (net)
                  0.14    0.00    0.93 ^ repeater3/A (sky130_fd_sc_hd__clkbuf_2)
                  0.12    0.20    1.13 ^ repeater3/X (sky130_fd_sc_hd__clkbuf_2)
     2    0.02                           net281 (net)
                  0.12    0.00    1.14 ^ _10470_/A1 (sky130_fd_sc_hd__mux2_2)
                  0.10    0.23    1.36 ^ _10470_/X (sky130_fd_sc_hd__mux2_2)
     1    0.02                           _02866_ (net)
                  0.10    0.00    1.37 ^ repeater1/A (sky130_fd_sc_hd__clkbuf_2)
                  0.13    0.20    1.56 ^ repeater1/X (sky130_fd_sc_hd__clkbuf_2)
     2    0.02                           net279 (net)
                  0.13    0.00    1.56 ^ _10471_/A (sky130_fd_sc_hd__buf_1)
                  0.08    0.14    1.70 ^ _10471_/X (sky130_fd_sc_hd__buf_1)
     1    0.01                           game.board_clk (net)
                  0.08    0.00    1.70 ^ repeater2/A (sky130_fd_sc_hd__clkbuf_2)
                  0.15    0.20    1.90 ^ repeater2/X (sky130_fd_sc_hd__clkbuf_2)
     2    0.03                           net280 (net)
                  0.15    0.00    1.91 ^ clkbuf_0_game.board_clk/A (sky130_fd_sc_hd__clkbuf_16)
                  0.08    0.20    2.11 ^ clkbuf_0_game.board_clk/X (sky130_fd_sc_hd__clkbuf_16)
     8    0.06                           clknet_0_game.board_clk (net)
                  0.08    0.00    2.11 ^ clkbuf_2_3__f_game.board_clk/A (sky130_fd_sc_hd__clkbuf_16)
                  0.08    0.18    2.29 ^ clkbuf_2_3__f_game.board_clk/X (sky130_fd_sc_hd__clkbuf_16)
    18    0.06                           clknet_2_3__leaf_game.board_clk (net)
                  0.08    0.00    2.29 ^ _16711_/CLK (sky130_fd_sc_hd__dfxtp_4)
                          0.25    2.54   clock uncertainty
                          0.00    2.54   clock reconvergence pessimism
                         -0.03    2.51   library hold time
                                  2.51   data required time
-----------------------------------------------------------------------------
                                  2.51   data required time
                                 -3.00   data arrival time
-----------------------------------------------------------------------------
                                  0.49   slack (MET)


Startpoint: _16550_ (rising edge-triggered flip-flop clocked by wb_clk_i)
Endpoint: _16550_ (rising edge-triggered flip-flop clocked by wb_clk_i)
Path Group: wb_clk_i
Path Type: min

Fanout     Cap    Slew   Delay    Time   Description
-----------------------------------------------------------------------------
                          0.00    0.00   clock wb_clk_i (rise edge)
                          0.00    0.00   clock source latency
                  0.13    0.08    0.08 ^ wb_clk_i (in)
     2    0.03                           wb_clk_i (net)
                  0.13    0.00    0.08 ^ repeater7/A (sky130_fd_sc_hd__clkbuf_2)
                  0.13    0.19    0.27 ^ repeater7/X (sky130_fd_sc_hd__clkbuf_2)
     2    0.02                           net285 (net)
                  0.13    0.00    0.27 ^ repeater6/A (sky130_fd_sc_hd__clkbuf_2)
                  0.13    0.19    0.46 ^ repeater6/X (sky130_fd_sc_hd__clkbuf_2)
     2    0.02                           net284 (net)
                  0.13    0.00    0.46 ^ repeater5/A (sky130_fd_sc_hd__clkbuf_2)
                  0.13    0.19    0.65 ^ repeater5/X (sky130_fd_sc_hd__clkbuf_2)
     2    0.02                           net283 (net)
                  0.13    0.00    0.65 ^ repeater4/A (sky130_fd_sc_hd__clkbuf_2)
                  0.14    0.19    0.84 ^ repeater4/X (sky130_fd_sc_hd__clkbuf_2)
     2    0.02                           net282 (net)
                  0.14    0.00    0.84 ^ repeater3/A (sky130_fd_sc_hd__clkbuf_2)
                  0.12    0.18    1.03 ^ repeater3/X (sky130_fd_sc_hd__clkbuf_2)
     2    0.02                           net281 (net)
                  0.12    0.00    1.03 ^ _10470_/A1 (sky130_fd_sc_hd__mux2_2)
                  0.10    0.21    1.23 ^ _10470_/X (sky130_fd_sc_hd__mux2_2)
     1    0.02                           _02866_ (net)
                  0.10    0.00    1.24 ^ repeater1/A (sky130_fd_sc_hd__clkbuf_2)
                  0.13    0.18    1.41 ^ repeater1/X (sky130_fd_sc_hd__clkbuf_2)
     2    0.02                           net279 (net)
                  0.13    0.00    1.41 ^ _10471_/A (sky130_fd_sc_hd__buf_1)
                  0.08    0.12    1.54 ^ _10471_/X (sky130_fd_sc_hd__buf_1)
     1    0.01                           game.board_clk (net)
                  0.08    0.00    1.54 ^ repeater2/A (sky130_fd_sc_hd__clkbuf_2)
                  0.15    0.18    1.72 ^ repeater2/X (sky130_fd_sc_hd__clkbuf_2)
     2    0.03                           net280 (net)
                  0.15    0.00    1.72 ^ clkbuf_0_game.board_clk/A (sky130_fd_sc_hd__clkbuf_16)
                  0.08    0.18    1.91 ^ clkbuf_0_game.board_clk/X (sky130_fd_sc_hd__clkbuf_16)
     8    0.06                           clknet_0_game.board_clk (net)
                  0.08    0.00    1.91 ^ clkbuf_2_0__f_game.board_clk/A (sky130_fd_sc_hd__clkbuf_16)
                  0.10    0.18    2.09 ^ clkbuf_2_0__f_game.board_clk/X (sky130_fd_sc_hd__clkbuf_16)
    26    0.09                           clknet_2_0__leaf_game.board_clk (net)
                  0.10    0.00    2.09 ^ _16550_/CLK (sky130_fd_sc_hd__dfrtp_2)
                  0.04    0.34    2.43 ^ _16550_/Q (sky130_fd_sc_hd__dfrtp_2)
     1    0.00                           game.freq_21.counter[0] (net)
                  0.04    0.00    2.43 ^ hold17/A (sky130_fd_sc_hd__clkbuf_2)
                  0.12    0.15    2.57 ^ hold17/X (sky130_fd_sc_hd__clkbuf_2)
     4    0.02                           net302 (net)
                  0.12    0.00    2.58 ^ _10445_/A (sky130_fd_sc_hd__inv_2)
                  0.03    0.04    2.61 v _10445_/Y (sky130_fd_sc_hd__inv_2)
     1    0.00                           _00233_ (net)
                  0.03    0.00    2.61 v hold16/A (sky130_fd_sc_hd__clkdlybuf4s25_1)
                  0.05    0.23    2.85 v hold16/X (sky130_fd_sc_hd__clkdlybuf4s25_1)
     1    0.00                           net301 (net)
                  0.05    0.00    2.85 v _16550_/D (sky130_fd_sc_hd__dfrtp_2)
                                  2.85   data arrival time

                          0.00    0.00   clock wb_clk_i (rise edge)
                          0.00    0.00   clock source latency
                  0.13    0.09    0.09 ^ wb_clk_i (in)
     2    0.03                           wb_clk_i (net)
                  0.13    0.00    0.09 ^ repeater7/A (sky130_fd_sc_hd__clkbuf_2)
                  0.13    0.21    0.30 ^ repeater7/X (sky130_fd_sc_hd__clkbuf_2)
     2    0.02                           net285 (net)
                  0.13    0.00    0.30 ^ repeater6/A (sky130_fd_sc_hd__clkbuf_2)
                  0.13    0.21    0.51 ^ repeater6/X (sky130_fd_sc_hd__clkbuf_2)
     2    0.02                           net284 (net)
                  0.13    0.00    0.51 ^ repeater5/A (sky130_fd_sc_hd__clkbuf_2)
                  0.13    0.21    0.72 ^ repeater5/X (sky130_fd_sc_hd__clkbuf_2)
     2    0.02                           net283 (net)
                  0.13    0.00    0.72 ^ repeater4/A (sky130_fd_sc_hd__clkbuf_2)
                  0.14    0.21    0.93 ^ repeater4/X (sky130_fd_sc_hd__clkbuf_2)
     2    0.02                           net282 (net)
                  0.14    0.00    0.93 ^ repeater3/A (sky130_fd_sc_hd__clkbuf_2)
                  0.12    0.20    1.13 ^ repeater3/X (sky130_fd_sc_hd__clkbuf_2)
     2    0.02                           net281 (net)
                  0.12    0.00    1.14 ^ _10470_/A1 (sky130_fd_sc_hd__mux2_2)
                  0.10    0.23    1.36 ^ _10470_/X (sky130_fd_sc_hd__mux2_2)
     1    0.02                           _02866_ (net)
                  0.10    0.00    1.37 ^ repeater1/A (sky130_fd_sc_hd__clkbuf_2)
                  0.13    0.20    1.56 ^ repeater1/X (sky130_fd_sc_hd__clkbuf_2)
     2    0.02                           net279 (net)
                  0.13    0.00    1.56 ^ _10471_/A (sky130_fd_sc_hd__buf_1)
                  0.08    0.14    1.70 ^ _10471_/X (sky130_fd_sc_hd__buf_1)
     1    0.01                           game.board_clk (net)
                  0.08    0.00    1.70 ^ repeater2/A (sky130_fd_sc_hd__clkbuf_2)
                  0.15    0.20    1.90 ^ repeater2/X (sky130_fd_sc_hd__clkbuf_2)
     2    0.03                           net280 (net)
                  0.15    0.00    1.91 ^ clkbuf_0_game.board_clk/A (sky130_fd_sc_hd__clkbuf_16)
                  0.08    0.20    2.11 ^ clkbuf_0_game.board_clk/X (sky130_fd_sc_hd__clkbuf_16)
     8    0.06                           clknet_0_game.board_clk (net)
                  0.08    0.00    2.11 ^ clkbuf_2_0__f_game.board_clk/A (sky130_fd_sc_hd__clkbuf_16)
                  0.10    0.20    2.31 ^ clkbuf_2_0__f_game.board_clk/X (sky130_fd_sc_hd__clkbuf_16)
    26    0.09                           clknet_2_0__leaf_game.board_clk (net)
                  0.10    0.00    2.31 ^ _16550_/CLK (sky130_fd_sc_hd__dfrtp_2)
                          0.25    2.56   clock uncertainty
                         -0.22    2.34   clock reconvergence pessimism
                         -0.03    2.31   library hold time
                                  2.31   data required time
-----------------------------------------------------------------------------
                                  2.31   data required time
                                 -2.85   data arrival time
-----------------------------------------------------------------------------
                                  0.54   slack (MET)


Startpoint: io_in[2] (input port clocked by wb_clk_i)
Endpoint: _16716_ (rising edge-triggered flip-flop clocked by wb_clk_i)
Path Group: wb_clk_i
Path Type: min

Fanout     Cap    Slew   Delay    Time   Description
-----------------------------------------------------------------------------
                          0.00    0.00   clock wb_clk_i (rise edge)
                          0.00    0.00   clock network delay (propagated)
                          2.00    2.00 v input external delay
                  0.02    0.01    2.01 v io_in[2] (in)
     2    0.01                           io_in[2] (net)
                  0.02    0.00    2.01 v hold2/A (sky130_fd_sc_hd__clkdlybuf4s25_1)
                  0.05    0.23    2.24 v hold2/X (sky130_fd_sc_hd__clkdlybuf4s25_1)
     1    0.00                           net287 (net)
                  0.05    0.00    2.24 v input3/A (sky130_fd_sc_hd__clkbuf_4)
                  0.03    0.12    2.36 v input3/X (sky130_fd_sc_hd__clkbuf_4)
     1    0.00                           net3 (net)
                  0.03    0.00    2.36 v hold1/A (sky130_fd_sc_hd__clkbuf_4)
                  0.11    0.19    2.55 v hold1/X (sky130_fd_sc_hd__clkbuf_4)
    10    0.05                           net286 (net)
                  0.11    0.01    2.56 v _16237_/B (sky130_fd_sc_hd__xor2_1)
                  0.26    0.26    2.82 ^ _16237_/X (sky130_fd_sc_hd__xor2_1)
     2    0.01                           _08189_ (net)
                  0.26    0.00    2.82 ^ _16251_/A (sky130_fd_sc_hd__or3_1)
                  0.06    0.16    2.98 ^ _16251_/X (sky130_fd_sc_hd__or3_1)
     1    0.01                           _08199_ (net)
                  0.06    0.00    2.98 ^ _16252_/A (sky130_fd_sc_hd__clkbuf_1)
                  0.05    0.08    3.06 ^ _16252_/X (sky130_fd_sc_hd__clkbuf_1)
     1    0.00                           _00774_ (net)
                  0.05    0.00    3.06 ^ _16716_/D (sky130_fd_sc_hd__dfxtp_1)
                                  3.06   data arrival time

                          0.00    0.00   clock wb_clk_i (rise edge)
                          0.00    0.00   clock source latency
                  0.13    0.09    0.09 ^ wb_clk_i (in)
     2    0.03                           wb_clk_i (net)
                  0.13    0.00    0.09 ^ repeater7/A (sky130_fd_sc_hd__clkbuf_2)
                  0.13    0.21    0.30 ^ repeater7/X (sky130_fd_sc_hd__clkbuf_2)
     2    0.02                           net285 (net)
                  0.13    0.00    0.30 ^ repeater6/A (sky130_fd_sc_hd__clkbuf_2)
                  0.13    0.21    0.51 ^ repeater6/X (sky130_fd_sc_hd__clkbuf_2)
     2    0.02                           net284 (net)
                  0.13    0.00    0.51 ^ repeater5/A (sky130_fd_sc_hd__clkbuf_2)
                  0.13    0.21    0.72 ^ repeater5/X (sky130_fd_sc_hd__clkbuf_2)
     2    0.02                           net283 (net)
                  0.13    0.00    0.72 ^ repeater4/A (sky130_fd_sc_hd__clkbuf_2)
                  0.14    0.21    0.93 ^ repeater4/X (sky130_fd_sc_hd__clkbuf_2)
     2    0.02                           net282 (net)
                  0.14    0.00    0.93 ^ repeater3/A (sky130_fd_sc_hd__clkbuf_2)
                  0.12    0.20    1.13 ^ repeater3/X (sky130_fd_sc_hd__clkbuf_2)
     2    0.02                           net281 (net)
                  0.12    0.00    1.14 ^ _10470_/A1 (sky130_fd_sc_hd__mux2_2)
                  0.10    0.23    1.36 ^ _10470_/X (sky130_fd_sc_hd__mux2_2)
     1    0.02                           _02866_ (net)
                  0.10    0.00    1.37 ^ repeater1/A (sky130_fd_sc_hd__clkbuf_2)
                  0.13    0.20    1.56 ^ repeater1/X (sky130_fd_sc_hd__clkbuf_2)
     2    0.02                           net279 (net)
                  0.13    0.00    1.56 ^ _10471_/A (sky130_fd_sc_hd__buf_1)
                  0.08    0.14    1.70 ^ _10471_/X (sky130_fd_sc_hd__buf_1)
     1    0.01                           game.board_clk (net)
                  0.08    0.00    1.70 ^ repeater2/A (sky130_fd_sc_hd__clkbuf_2)
                  0.15    0.20    1.90 ^ repeater2/X (sky130_fd_sc_hd__clkbuf_2)
     2    0.03                           net280 (net)
                  0.15    0.00    1.91 ^ clkbuf_0_game.board_clk/A (sky130_fd_sc_hd__clkbuf_16)
                  0.08    0.20    2.11 ^ clkbuf_0_game.board_clk/X (sky130_fd_sc_hd__clkbuf_16)
     8    0.06                           clknet_0_game.board_clk (net)
                  0.08    0.00    2.11 ^ clkbuf_2_3__f_game.board_clk/A (sky130_fd_sc_hd__clkbuf_16)
                  0.08    0.18    2.29 ^ clkbuf_2_3__f_game.board_clk/X (sky130_fd_sc_hd__clkbuf_16)
    18    0.06                           clknet_2_3__leaf_game.board_clk (net)
                  0.08    0.00    2.29 ^ _16716_/CLK (sky130_fd_sc_hd__dfxtp_1)
                          0.25    2.54   clock uncertainty
                          0.00    2.54   clock reconvergence pessimism
                         -0.03    2.51   library hold time
                                  2.51   data required time
-----------------------------------------------------------------------------
                                  2.51   data required time
                                 -3.06   data arrival time
-----------------------------------------------------------------------------
                                  0.55   slack (MET)


