
===========================================================================
report_checks -unconstrained
============================================================================
Startpoint: _16924_ (rising edge-triggered flip-flop clocked by wb_clk_i)
Endpoint: _16772_ (recovery check against rising-edge clock wb_clk_i)
Path Group: **async_default**
Path Type: max

Fanout     Cap    Slew   Delay    Time   Description
-----------------------------------------------------------------------------
                          0.00    0.00   clock wb_clk_i (rise edge)
                          0.00    0.00   clock source latency
                  0.05    0.03    0.03 ^ wb_clk_i (in)
     2    0.01                           wb_clk_i (net)
                  0.05    0.00    0.03 ^ repeater2572/A (sky130_fd_sc_hd__dlymetal6s2s_1)
                  0.13    0.16    0.19 ^ repeater2572/X (sky130_fd_sc_hd__dlymetal6s2s_1)
     1    0.01                           net2842 (net)
                  0.13    0.00    0.19 ^ repeater2571/A (sky130_fd_sc_hd__dlymetal6s2s_1)
                  0.13    0.18    0.37 ^ repeater2571/X (sky130_fd_sc_hd__dlymetal6s2s_1)
     1    0.01                           net2841 (net)
                  0.13    0.00    0.37 ^ repeater2570/A (sky130_fd_sc_hd__dlymetal6s2s_1)
                  0.17    0.21    0.59 ^ repeater2570/X (sky130_fd_sc_hd__dlymetal6s2s_1)
     1    0.02                           net2840 (net)
                  0.17    0.00    0.59 ^ repeater2569/A (sky130_fd_sc_hd__dlymetal6s2s_1)
                  0.12    0.19    0.78 ^ repeater2569/X (sky130_fd_sc_hd__dlymetal6s2s_1)
     1    0.01                           net2839 (net)
                  0.12    0.00    0.78 ^ repeater2568/A (sky130_fd_sc_hd__dlymetal6s2s_1)
                  0.12    0.18    0.96 ^ repeater2568/X (sky130_fd_sc_hd__dlymetal6s2s_1)
     1    0.01                           net2838 (net)
                  0.12    0.00    0.96 ^ repeater2567/A (sky130_fd_sc_hd__dlymetal6s2s_1)
                  0.13    0.19    1.14 ^ repeater2567/X (sky130_fd_sc_hd__dlymetal6s2s_1)
     1    0.01                           net2837 (net)
                  0.13    0.00    1.14 ^ repeater2566/A (sky130_fd_sc_hd__dlymetal6s2s_1)
                  0.12    0.18    1.32 ^ repeater2566/X (sky130_fd_sc_hd__dlymetal6s2s_1)
     1    0.01                           net2836 (net)
                  0.12    0.00    1.32 ^ repeater2565/A (sky130_fd_sc_hd__dlymetal6s2s_1)
                  0.14    0.19    1.51 ^ repeater2565/X (sky130_fd_sc_hd__dlymetal6s2s_1)
     1    0.01                           net2835 (net)
                  0.14    0.00    1.51 ^ repeater2564/A (sky130_fd_sc_hd__dlymetal6s2s_1)
                  0.13    0.19    1.70 ^ repeater2564/X (sky130_fd_sc_hd__dlymetal6s2s_1)
     1    0.01                           net2834 (net)
                  0.13    0.00    1.70 ^ _10641_/A1 (sky130_fd_sc_hd__mux2_2)
                  0.04    0.17    1.87 ^ _10641_/X (sky130_fd_sc_hd__mux2_2)
     1    0.00                           _02943_ (net)
                  0.04    0.00    1.87 ^ _10642_/A (sky130_fd_sc_hd__buf_1)
                  0.08    0.11    1.98 ^ _10642_/X (sky130_fd_sc_hd__buf_1)
     1    0.01                           game.board_clk (net)
                  0.08    0.00    1.98 ^ repeater6/A (sky130_fd_sc_hd__dlymetal6s2s_1)
                  0.14    0.17    2.16 ^ repeater6/X (sky130_fd_sc_hd__dlymetal6s2s_1)
     1    0.01                           net2808 (net)
                  0.14    0.00    2.16 ^ repeater5/A (sky130_fd_sc_hd__dlymetal6s2s_1)
                  0.16    0.21    2.37 ^ repeater5/X (sky130_fd_sc_hd__dlymetal6s2s_1)
     1    0.01                           net2807 (net)
                  0.16    0.00    2.37 ^ repeater4/A (sky130_fd_sc_hd__dlymetal6s2s_1)
                  0.15    0.21    2.58 ^ repeater4/X (sky130_fd_sc_hd__dlymetal6s2s_1)
     1    0.01                           net2806 (net)
                  0.15    0.00    2.58 ^ repeater3/A (sky130_fd_sc_hd__dlymetal6s2s_1)
                  0.16    0.21    2.79 ^ repeater3/X (sky130_fd_sc_hd__dlymetal6s2s_1)
     1    0.01                           net2805 (net)
                  0.16    0.00    2.79 ^ repeater2/A (sky130_fd_sc_hd__dlymetal6s2s_1)
                  0.16    0.21    3.00 ^ repeater2/X (sky130_fd_sc_hd__dlymetal6s2s_1)
     1    0.01                           net2804 (net)
                  0.16    0.00    3.00 ^ repeater1/A (sky130_fd_sc_hd__clkbuf_2)
                  0.11    0.20    3.20 ^ repeater1/X (sky130_fd_sc_hd__clkbuf_2)
     1    0.02                           net2803 (net)
                  0.11    0.00    3.21 ^ clkbuf_0_game.board_clk/A (sky130_fd_sc_hd__clkbuf_16)
                  0.04    0.15    3.36 ^ clkbuf_0_game.board_clk/X (sky130_fd_sc_hd__clkbuf_16)
     2    0.01                           clknet_0_game.board_clk (net)
                  0.04    0.00    3.36 ^ clkbuf_1_0_0_game.board_clk/A (sky130_fd_sc_hd__clkbuf_4)
                  0.04    0.13    3.49 ^ clkbuf_1_0_0_game.board_clk/X (sky130_fd_sc_hd__clkbuf_4)
     1    0.01                           clknet_1_0_0_game.board_clk (net)
                  0.04    0.00    3.49 ^ clkbuf_1_0_1_game.board_clk/A (sky130_fd_sc_hd__clkbuf_4)
                  0.04    0.13    3.62 ^ clkbuf_1_0_1_game.board_clk/X (sky130_fd_sc_hd__clkbuf_4)
     2    0.01                           clknet_1_0_1_game.board_clk (net)
                  0.04    0.00    3.62 ^ repeater7/A (sky130_fd_sc_hd__dlymetal6s2s_1)
                  0.15    0.17    3.79 ^ repeater7/X (sky130_fd_sc_hd__dlymetal6s2s_1)
     1    0.01                           net2809 (net)
                  0.15    0.00    3.79 ^ clkbuf_2_0_0_game.board_clk/A (sky130_fd_sc_hd__clkbuf_4)
                  0.05    0.18    3.98 ^ clkbuf_2_0_0_game.board_clk/X (sky130_fd_sc_hd__clkbuf_4)
     2    0.01                           clknet_2_0_0_game.board_clk (net)
                  0.05    0.00    3.98 ^ repeater18/A (sky130_fd_sc_hd__clkbuf_2)
                  0.07    0.13    4.11 ^ repeater18/X (sky130_fd_sc_hd__clkbuf_2)
     1    0.01                           net2820 (net)
                  0.07    0.00    4.11 ^ repeater17/A (sky130_fd_sc_hd__dlymetal6s2s_1)
                  0.13    0.17    4.28 ^ repeater17/X (sky130_fd_sc_hd__dlymetal6s2s_1)
     1    0.01                           net2819 (net)
                  0.13    0.00    4.28 ^ repeater16/A (sky130_fd_sc_hd__dlymetal6s2s_1)
                  0.16    0.21    4.49 ^ repeater16/X (sky130_fd_sc_hd__dlymetal6s2s_1)
     1    0.01                           net2818 (net)
                  0.16    0.00    4.49 ^ repeater15/A (sky130_fd_sc_hd__dlymetal6s2s_1)
                  0.14    0.20    4.70 ^ repeater15/X (sky130_fd_sc_hd__dlymetal6s2s_1)
     1    0.01                           net2817 (net)
                  0.14    0.00    4.70 ^ repeater14/A (sky130_fd_sc_hd__clkbuf_2)
                  0.10    0.19    4.89 ^ repeater14/X (sky130_fd_sc_hd__clkbuf_2)
     4    0.02                           net2816 (net)
                  0.10    0.00    4.89 ^ repeater13/A (sky130_fd_sc_hd__clkbuf_2)
                  0.10    0.17    5.06 ^ repeater13/X (sky130_fd_sc_hd__clkbuf_2)
     4    0.02                           net2815 (net)
                  0.10    0.00    5.06 ^ _16924_/CLK (sky130_fd_sc_hd__dfxtp_1)
                  0.03    0.33    5.39 v _16924_/Q (sky130_fd_sc_hd__dfxtp_1)
     1    0.00                           game.color.reset (net)
                  0.03    0.00    5.39 v repeater2464/A (sky130_fd_sc_hd__buf_2)
                  0.08    0.17    5.56 v repeater2464/X (sky130_fd_sc_hd__buf_2)
     6    0.03                           net2464 (net)
                  0.08    0.00    5.56 v _12417_/A (sky130_fd_sc_hd__buf_6)
                  0.02    0.13    5.70 v _12417_/X (sky130_fd_sc_hd__buf_6)
     2    0.01                           _04494_ (net)
                  0.02    0.00    5.70 v repeater2352/A (sky130_fd_sc_hd__clkbuf_2)
                  0.07    0.14    5.83 v repeater2352/X (sky130_fd_sc_hd__clkbuf_2)
     2    0.02                           net2352 (net)
                  0.07    0.00    5.84 v repeater2351/A (sky130_fd_sc_hd__clkbuf_2)
                  0.06    0.15    5.99 v repeater2351/X (sky130_fd_sc_hd__clkbuf_2)
     2    0.01                           net2351 (net)
                  0.06    0.00    5.99 v repeater2350/A (sky130_fd_sc_hd__clkbuf_2)
                  0.08    0.16    6.15 v repeater2350/X (sky130_fd_sc_hd__clkbuf_2)
     2    0.02                           net2350 (net)
                  0.08    0.00    6.16 v repeater2349/A (sky130_fd_sc_hd__clkbuf_2)
                  0.09    0.18    6.34 v repeater2349/X (sky130_fd_sc_hd__clkbuf_2)
     6    0.02                           net2349 (net)
                  0.09    0.00    6.34 v repeater2348/A (sky130_fd_sc_hd__clkbuf_2)
                  0.09    0.18    6.52 v repeater2348/X (sky130_fd_sc_hd__clkbuf_2)
     4    0.02                           net2348 (net)
                  0.09    0.00    6.53 v _12509_/A (sky130_fd_sc_hd__buf_2)
                  0.09    0.21    6.74 v _12509_/X (sky130_fd_sc_hd__buf_2)
    10    0.04                           _04514_ (net)
                  0.09    0.00    6.74 v _12510_/A (sky130_fd_sc_hd__buf_2)
                  0.08    0.20    6.94 v _12510_/X (sky130_fd_sc_hd__buf_2)
     5    0.03                           _04515_ (net)
                  0.08    0.00    6.95 v _12512_/A (sky130_fd_sc_hd__inv_2)
                  0.04    0.07    7.01 ^ _12512_/Y (sky130_fd_sc_hd__inv_2)
     1    0.01                           _00327_ (net)
                  0.04    0.00    7.01 ^ _16772_/RESET_B (sky130_fd_sc_hd__dfrtp_2)
                                  7.01   data arrival time

                         10.00   10.00   clock wb_clk_i (rise edge)
                          0.00   10.00   clock source latency
                  0.05    0.03   10.03 ^ wb_clk_i (in)
     2    0.01                           wb_clk_i (net)
                  0.05    0.00   10.03 ^ repeater2572/A (sky130_fd_sc_hd__dlymetal6s2s_1)
                  0.13    0.14   10.17 ^ repeater2572/X (sky130_fd_sc_hd__dlymetal6s2s_1)
     1    0.01                           net2842 (net)
                  0.13    0.00   10.17 ^ repeater2571/A (sky130_fd_sc_hd__dlymetal6s2s_1)
                  0.13    0.16   10.34 ^ repeater2571/X (sky130_fd_sc_hd__dlymetal6s2s_1)
     1    0.01                           net2841 (net)
                  0.13    0.00   10.34 ^ repeater2570/A (sky130_fd_sc_hd__dlymetal6s2s_1)
                  0.17    0.19   10.53 ^ repeater2570/X (sky130_fd_sc_hd__dlymetal6s2s_1)
     1    0.02                           net2840 (net)
                  0.17    0.00   10.53 ^ repeater2569/A (sky130_fd_sc_hd__dlymetal6s2s_1)
                  0.12    0.17   10.70 ^ repeater2569/X (sky130_fd_sc_hd__dlymetal6s2s_1)
     1    0.01                           net2839 (net)
                  0.12    0.00   10.71 ^ repeater2568/A (sky130_fd_sc_hd__dlymetal6s2s_1)
                  0.12    0.16   10.87 ^ repeater2568/X (sky130_fd_sc_hd__dlymetal6s2s_1)
     1    0.01                           net2838 (net)
                  0.12    0.00   10.87 ^ repeater2567/A (sky130_fd_sc_hd__dlymetal6s2s_1)
                  0.13    0.17   11.03 ^ repeater2567/X (sky130_fd_sc_hd__dlymetal6s2s_1)
     1    0.01                           net2837 (net)
                  0.13    0.00   11.04 ^ repeater2566/A (sky130_fd_sc_hd__dlymetal6s2s_1)
                  0.12    0.16   11.20 ^ repeater2566/X (sky130_fd_sc_hd__dlymetal6s2s_1)
     1    0.01                           net2836 (net)
                  0.12    0.00   11.20 ^ repeater2565/A (sky130_fd_sc_hd__dlymetal6s2s_1)
                  0.14    0.17   11.37 ^ repeater2565/X (sky130_fd_sc_hd__dlymetal6s2s_1)
     1    0.01                           net2835 (net)
                  0.14    0.00   11.37 ^ repeater2564/A (sky130_fd_sc_hd__dlymetal6s2s_1)
                  0.13    0.17   11.54 ^ repeater2564/X (sky130_fd_sc_hd__dlymetal6s2s_1)
     1    0.01                           net2834 (net)
                  0.13    0.00   11.54 ^ _10641_/A1 (sky130_fd_sc_hd__mux2_2)
                  0.04    0.16   11.70 ^ _10641_/X (sky130_fd_sc_hd__mux2_2)
     1    0.00                           _02943_ (net)
                  0.04    0.00   11.70 ^ _10642_/A (sky130_fd_sc_hd__buf_1)
                  0.08    0.10   11.79 ^ _10642_/X (sky130_fd_sc_hd__buf_1)
     1    0.01                           game.board_clk (net)
                  0.08    0.00   11.79 ^ repeater6/A (sky130_fd_sc_hd__dlymetal6s2s_1)
                  0.14    0.16   11.95 ^ repeater6/X (sky130_fd_sc_hd__dlymetal6s2s_1)
     1    0.01                           net2808 (net)
                  0.14    0.00   11.95 ^ repeater5/A (sky130_fd_sc_hd__dlymetal6s2s_1)
                  0.16    0.19   12.14 ^ repeater5/X (sky130_fd_sc_hd__dlymetal6s2s_1)
     1    0.01                           net2807 (net)
                  0.16    0.00   12.14 ^ repeater4/A (sky130_fd_sc_hd__dlymetal6s2s_1)
                  0.15    0.19   12.33 ^ repeater4/X (sky130_fd_sc_hd__dlymetal6s2s_1)
     1    0.01                           net2806 (net)
                  0.15    0.00   12.33 ^ repeater3/A (sky130_fd_sc_hd__dlymetal6s2s_1)
                  0.16    0.19   12.52 ^ repeater3/X (sky130_fd_sc_hd__dlymetal6s2s_1)
     1    0.01                           net2805 (net)
                  0.16    0.00   12.52 ^ repeater2/A (sky130_fd_sc_hd__dlymetal6s2s_1)
                  0.16    0.19   12.72 ^ repeater2/X (sky130_fd_sc_hd__dlymetal6s2s_1)
     1    0.01                           net2804 (net)
                  0.16    0.00   12.72 ^ repeater1/A (sky130_fd_sc_hd__clkbuf_2)
                  0.11    0.18   12.90 ^ repeater1/X (sky130_fd_sc_hd__clkbuf_2)
     1    0.02                           net2803 (net)
                  0.11    0.00   12.90 ^ clkbuf_0_game.board_clk/A (sky130_fd_sc_hd__clkbuf_16)
                  0.04    0.14   13.04 ^ clkbuf_0_game.board_clk/X (sky130_fd_sc_hd__clkbuf_16)
     2    0.01                           clknet_0_game.board_clk (net)
                  0.04    0.00   13.04 ^ clkbuf_1_1_0_game.board_clk/A (sky130_fd_sc_hd__clkbuf_4)
                  0.04    0.12   13.16 ^ clkbuf_1_1_0_game.board_clk/X (sky130_fd_sc_hd__clkbuf_4)
     1    0.01                           clknet_1_1_0_game.board_clk (net)
                  0.04    0.00   13.16 ^ clkbuf_1_1_1_game.board_clk/A (sky130_fd_sc_hd__clkbuf_4)
                  0.03    0.11   13.27 ^ clkbuf_1_1_1_game.board_clk/X (sky130_fd_sc_hd__clkbuf_4)
     1    0.00                           clknet_1_1_1_game.board_clk (net)
                  0.03    0.00   13.27 ^ repeater9/A (sky130_fd_sc_hd__dlymetal6s2s_1)
                  0.18    0.17   13.44 ^ repeater9/X (sky130_fd_sc_hd__dlymetal6s2s_1)
     2    0.02                           net2811 (net)
                  0.18    0.00   13.44 ^ clkbuf_2_2_0_game.board_clk/A (sky130_fd_sc_hd__clkbuf_4)
                  0.04    0.16   13.60 ^ clkbuf_2_2_0_game.board_clk/X (sky130_fd_sc_hd__clkbuf_4)
     1    0.01                           clknet_2_2_0_game.board_clk (net)
                  0.04    0.00   13.60 ^ repeater26/A (sky130_fd_sc_hd__clkbuf_2)
                  0.10    0.13   13.73 ^ repeater26/X (sky130_fd_sc_hd__clkbuf_2)
     4    0.02                           net2828 (net)
                  0.10    0.00   13.73 ^ _16772_/CLK (sky130_fd_sc_hd__dfrtp_2)
                         -0.25   13.48   clock uncertainty
                          0.32   13.81   clock reconvergence pessimism
                          0.24   14.04   library recovery time
                                 14.04   data required time
-----------------------------------------------------------------------------
                                 14.04   data required time
                                 -7.01   data arrival time
-----------------------------------------------------------------------------
                                  7.03   slack (MET)


Startpoint: _16934_ (rising edge-triggered flip-flop clocked by wb_clk_i)
Endpoint: la_data_out[3] (output port clocked by wb_clk_i)
Path Group: wb_clk_i
Path Type: max

Fanout     Cap    Slew   Delay    Time   Description
-----------------------------------------------------------------------------
                          0.00    0.00   clock wb_clk_i (rise edge)
                          0.00    0.00   clock source latency
                  0.05    0.03    0.03 ^ wb_clk_i (in)
     2    0.01                           wb_clk_i (net)
                  0.05    0.00    0.03 ^ repeater2572/A (sky130_fd_sc_hd__dlymetal6s2s_1)
                  0.13    0.16    0.19 ^ repeater2572/X (sky130_fd_sc_hd__dlymetal6s2s_1)
     1    0.01                           net2842 (net)
                  0.13    0.00    0.19 ^ repeater2571/A (sky130_fd_sc_hd__dlymetal6s2s_1)
                  0.13    0.18    0.37 ^ repeater2571/X (sky130_fd_sc_hd__dlymetal6s2s_1)
     1    0.01                           net2841 (net)
                  0.13    0.00    0.37 ^ repeater2570/A (sky130_fd_sc_hd__dlymetal6s2s_1)
                  0.17    0.21    0.59 ^ repeater2570/X (sky130_fd_sc_hd__dlymetal6s2s_1)
     1    0.02                           net2840 (net)
                  0.17    0.00    0.59 ^ repeater2569/A (sky130_fd_sc_hd__dlymetal6s2s_1)
                  0.12    0.19    0.78 ^ repeater2569/X (sky130_fd_sc_hd__dlymetal6s2s_1)
     1    0.01                           net2839 (net)
                  0.12    0.00    0.78 ^ repeater2568/A (sky130_fd_sc_hd__dlymetal6s2s_1)
                  0.12    0.18    0.96 ^ repeater2568/X (sky130_fd_sc_hd__dlymetal6s2s_1)
     1    0.01                           net2838 (net)
                  0.12    0.00    0.96 ^ repeater2567/A (sky130_fd_sc_hd__dlymetal6s2s_1)
                  0.13    0.19    1.14 ^ repeater2567/X (sky130_fd_sc_hd__dlymetal6s2s_1)
     1    0.01                           net2837 (net)
                  0.13    0.00    1.14 ^ repeater2566/A (sky130_fd_sc_hd__dlymetal6s2s_1)
                  0.12    0.18    1.32 ^ repeater2566/X (sky130_fd_sc_hd__dlymetal6s2s_1)
     1    0.01                           net2836 (net)
                  0.12    0.00    1.32 ^ repeater2565/A (sky130_fd_sc_hd__dlymetal6s2s_1)
                  0.14    0.19    1.51 ^ repeater2565/X (sky130_fd_sc_hd__dlymetal6s2s_1)
     1    0.01                           net2835 (net)
                  0.14    0.00    1.51 ^ repeater2564/A (sky130_fd_sc_hd__dlymetal6s2s_1)
                  0.13    0.19    1.70 ^ repeater2564/X (sky130_fd_sc_hd__dlymetal6s2s_1)
     1    0.01                           net2834 (net)
                  0.13    0.00    1.70 ^ _10641_/A1 (sky130_fd_sc_hd__mux2_2)
                  0.04    0.17    1.87 ^ _10641_/X (sky130_fd_sc_hd__mux2_2)
     1    0.00                           _02943_ (net)
                  0.04    0.00    1.87 ^ _10642_/A (sky130_fd_sc_hd__buf_1)
                  0.08    0.11    1.98 ^ _10642_/X (sky130_fd_sc_hd__buf_1)
     1    0.01                           game.board_clk (net)
                  0.08    0.00    1.98 ^ repeater6/A (sky130_fd_sc_hd__dlymetal6s2s_1)
                  0.14    0.17    2.16 ^ repeater6/X (sky130_fd_sc_hd__dlymetal6s2s_1)
     1    0.01                           net2808 (net)
                  0.14    0.00    2.16 ^ repeater5/A (sky130_fd_sc_hd__dlymetal6s2s_1)
                  0.16    0.21    2.37 ^ repeater5/X (sky130_fd_sc_hd__dlymetal6s2s_1)
     1    0.01                           net2807 (net)
                  0.16    0.00    2.37 ^ repeater4/A (sky130_fd_sc_hd__dlymetal6s2s_1)
                  0.15    0.21    2.58 ^ repeater4/X (sky130_fd_sc_hd__dlymetal6s2s_1)
     1    0.01                           net2806 (net)
                  0.15    0.00    2.58 ^ repeater3/A (sky130_fd_sc_hd__dlymetal6s2s_1)
                  0.16    0.21    2.79 ^ repeater3/X (sky130_fd_sc_hd__dlymetal6s2s_1)
     1    0.01                           net2805 (net)
                  0.16    0.00    2.79 ^ repeater2/A (sky130_fd_sc_hd__dlymetal6s2s_1)
                  0.16    0.21    3.00 ^ repeater2/X (sky130_fd_sc_hd__dlymetal6s2s_1)
     1    0.01                           net2804 (net)
                  0.16    0.00    3.00 ^ repeater1/A (sky130_fd_sc_hd__clkbuf_2)
                  0.11    0.20    3.20 ^ repeater1/X (sky130_fd_sc_hd__clkbuf_2)
     1    0.02                           net2803 (net)
                  0.11    0.00    3.21 ^ clkbuf_0_game.board_clk/A (sky130_fd_sc_hd__clkbuf_16)
                  0.04    0.15    3.36 ^ clkbuf_0_game.board_clk/X (sky130_fd_sc_hd__clkbuf_16)
     2    0.01                           clknet_0_game.board_clk (net)
                  0.04    0.00    3.36 ^ clkbuf_1_1_0_game.board_clk/A (sky130_fd_sc_hd__clkbuf_4)
                  0.04    0.13    3.49 ^ clkbuf_1_1_0_game.board_clk/X (sky130_fd_sc_hd__clkbuf_4)
     1    0.01                           clknet_1_1_0_game.board_clk (net)
                  0.04    0.00    3.49 ^ clkbuf_1_1_1_game.board_clk/A (sky130_fd_sc_hd__clkbuf_4)
                  0.03    0.12    3.61 ^ clkbuf_1_1_1_game.board_clk/X (sky130_fd_sc_hd__clkbuf_4)
     1    0.00                           clknet_1_1_1_game.board_clk (net)
                  0.03    0.00    3.61 ^ repeater9/A (sky130_fd_sc_hd__dlymetal6s2s_1)
                  0.18    0.19    3.80 ^ repeater9/X (sky130_fd_sc_hd__dlymetal6s2s_1)
     2    0.02                           net2811 (net)
                  0.18    0.00    3.80 ^ clkbuf_2_3_0_game.board_clk/A (sky130_fd_sc_hd__clkbuf_4)
                  0.06    0.20    4.00 ^ clkbuf_2_3_0_game.board_clk/X (sky130_fd_sc_hd__clkbuf_4)
     3    0.02                           clknet_2_3_0_game.board_clk (net)
                  0.06    0.00    4.00 ^ repeater2563/A (sky130_fd_sc_hd__clkbuf_2)
                  0.06    0.13    4.13 ^ repeater2563/X (sky130_fd_sc_hd__clkbuf_2)
     1    0.01                           net2833 (net)
                  0.06    0.00    4.13 ^ repeater2562/A (sky130_fd_sc_hd__dlymetal6s2s_1)
                  0.13    0.16    4.29 ^ repeater2562/X (sky130_fd_sc_hd__dlymetal6s2s_1)
     1    0.01                           net2832 (net)
                  0.13    0.00    4.30 ^ repeater2561/A (sky130_fd_sc_hd__clkbuf_2)
                  0.09    0.18    4.47 ^ repeater2561/X (sky130_fd_sc_hd__clkbuf_2)
     3    0.02                           net2831 (net)
                  0.09    0.00    4.47 ^ repeater2559/A (sky130_fd_sc_hd__dlymetal6s2s_1)
                  0.17    0.21    4.68 ^ repeater2559/X (sky130_fd_sc_hd__dlymetal6s2s_1)
     2    0.02                           net2829 (net)
                  0.17    0.00    4.68 ^ _16934_/CLK (sky130_fd_sc_hd__dfxtp_4)
                  0.05    0.42    5.10 v _16934_/Q (sky130_fd_sc_hd__dfxtp_4)
     4    0.02                           net13 (net)
                  0.05    0.00    5.10 v repeater2357/A (sky130_fd_sc_hd__buf_6)
                  0.03    0.14    5.24 v repeater2357/X (sky130_fd_sc_hd__buf_6)
     2    0.02                           net2357 (net)
                  0.03    0.00    5.24 v repeater2356/A (sky130_fd_sc_hd__buf_4)
                  0.04    0.15    5.40 v repeater2356/X (sky130_fd_sc_hd__buf_4)
     2    0.02                           net2356 (net)
                  0.04    0.00    5.40 v repeater2355/A (sky130_fd_sc_hd__buf_4)
                  0.04    0.16    5.55 v repeater2355/X (sky130_fd_sc_hd__buf_4)
     2    0.02                           net2355 (net)
                  0.04    0.00    5.56 v repeater2354/A (sky130_fd_sc_hd__buf_6)
                  0.03    0.13    5.69 v repeater2354/X (sky130_fd_sc_hd__buf_6)
     2    0.02                           net2354 (net)
                  0.04    0.00    5.69 v repeater2353/A (sky130_fd_sc_hd__buf_6)
                  0.03    0.12    5.81 v repeater2353/X (sky130_fd_sc_hd__buf_6)
     2    0.02                           net2353 (net)
                  0.03    0.00    5.82 v _17360_/A (sky130_fd_sc_hd__buf_6)
                  0.02    0.11    5.93 v _17360_/X (sky130_fd_sc_hd__buf_6)
     1    0.01                           net22 (net)
                  0.02    0.00    5.93 v repeater2249/A (sky130_fd_sc_hd__buf_4)
                  0.04    0.14    6.07 v repeater2249/X (sky130_fd_sc_hd__buf_4)
     2    0.02                           net2249 (net)
                  0.04    0.00    6.07 v repeater2248/A (sky130_fd_sc_hd__buf_4)
                  0.04    0.16    6.23 v repeater2248/X (sky130_fd_sc_hd__buf_4)
     2    0.02                           net2248 (net)
                  0.04    0.00    6.23 v repeater2247/A (sky130_fd_sc_hd__buf_4)
                  0.04    0.15    6.39 v repeater2247/X (sky130_fd_sc_hd__buf_4)
     2    0.02                           net2247 (net)
                  0.04    0.00    6.39 v repeater2246/A (sky130_fd_sc_hd__buf_4)
                  0.05    0.17    6.56 v repeater2246/X (sky130_fd_sc_hd__buf_4)
     2    0.03                           net2246 (net)
                  0.06    0.00    6.56 v repeater2245/A (sky130_fd_sc_hd__buf_6)
                  0.04    0.14    6.70 v repeater2245/X (sky130_fd_sc_hd__buf_6)
     2    0.03                           net2245 (net)
                  0.04    0.00    6.70 v repeater2244/A (sky130_fd_sc_hd__buf_6)
                  0.03    0.13    6.83 v repeater2244/X (sky130_fd_sc_hd__buf_6)
     2    0.02                           net2244 (net)
                  0.03    0.00    6.84 v output22/A (sky130_fd_sc_hd__buf_6)
                  0.04    0.14    6.97 v output22/X (sky130_fd_sc_hd__buf_6)
     1    0.03                           la_data_out[3] (net)
                  0.04    0.00    6.98 v la_data_out[3] (out)
                                  6.98   data arrival time

                         10.00   10.00   clock wb_clk_i (rise edge)
                          0.00   10.00   clock network delay (propagated)
                         -0.25    9.75   clock uncertainty
                          0.00    9.75   clock reconvergence pessimism
                         -2.00    7.75   output external delay
                                  7.75   data required time
-----------------------------------------------------------------------------
                                  7.75   data required time
                                 -6.98   data arrival time
-----------------------------------------------------------------------------
                                  0.77   slack (MET)



===========================================================================
report_checks --slack_max -0.01
============================================================================
No paths found.
