
===========================================================================
report_checks -unconstrained
============================================================================
Startpoint: _16722_ (rising edge-triggered flip-flop clocked by wb_clk_i)
Endpoint: _16570_ (recovery check against rising-edge clock wb_clk_i)
Path Group: **async_default**
Path Type: max

Fanout     Cap    Slew   Delay    Time   Description
-----------------------------------------------------------------------------
                  0.15    0.00    0.00   clock wb_clk_i (rise edge)
                          0.00    0.00   clock network delay (ideal)
                  0.15    0.00    0.00 ^ _16722_/CLK (sky130_fd_sc_hd__dfxtp_4)
                  0.10    0.46    0.46 v _16722_/Q (sky130_fd_sc_hd__dfxtp_4)
     4    0.07                           game.color.reset (net)
                  0.10    0.00    0.46 v _15931_/A (sky130_fd_sc_hd__buf_4)
                  0.08    0.22    0.69 v _15931_/X (sky130_fd_sc_hd__buf_4)
     5    0.05                           _08098_ (net)
                  0.08    0.00    0.69 v _16023_/A (sky130_fd_sc_hd__buf_2)
                  0.07    0.19    0.88 v _16023_/X (sky130_fd_sc_hd__buf_2)
     5    0.03                           _08118_ (net)
                  0.07    0.00    0.88 v _16024_/A (sky130_fd_sc_hd__clkbuf_4)
                  0.10    0.22    1.10 v _16024_/X (sky130_fd_sc_hd__clkbuf_4)
     5    0.04                           _08119_ (net)
                  0.10    0.00    1.10 v _16026_/A (sky130_fd_sc_hd__inv_2)
                  0.04    0.07    1.17 ^ _16026_/Y (sky130_fd_sc_hd__inv_2)
     1    0.00                           _00327_ (net)
                  0.04    0.00    1.17 ^ _16570_/RESET_B (sky130_fd_sc_hd__dfrtp_4)
                                  1.17   data arrival time

                  0.15   10.00   10.00   clock wb_clk_i (rise edge)
                          0.00   10.00   clock network delay (ideal)
                         -0.25    9.75   clock uncertainty
                          0.00    9.75   clock reconvergence pessimism
                                  9.75 ^ _16570_/CLK (sky130_fd_sc_hd__dfrtp_4)
                          0.25   10.00   library recovery time
                                 10.00   data required time
-----------------------------------------------------------------------------
                                 10.00   data required time
                                 -1.17   data arrival time
-----------------------------------------------------------------------------
                                  8.83   slack (MET)


Startpoint: _16813_ (rising edge-triggered flip-flop)
Endpoint: la_data_out[4] (output port clocked by wb_clk_i)
Path Group: wb_clk_i
Path Type: max

Fanout     Cap    Slew   Delay    Time   Description
-----------------------------------------------------------------------------
                  0.27    0.00    0.00 ^ _16813_/CLK (sky130_fd_sc_hd__dfstp_4)
                  0.12    0.78    0.78 ^ _16813_/Q (sky130_fd_sc_hd__dfstp_4)
     3    0.04                           game.color.p2_x[3] (net)
                  0.12    0.00    0.78 ^ _09665_/A2 (sky130_fd_sc_hd__a21o_2)
                  0.13    0.22    1.01 ^ _09665_/X (sky130_fd_sc_hd__a21o_2)
     5    0.02                           _02195_ (net)
                  0.13    0.00    1.01 ^ _09701_/B (sky130_fd_sc_hd__and4_2)
                  0.17    0.36    1.36 ^ _09701_/X (sky130_fd_sc_hd__and4_2)
     4    0.03                           _02231_ (net)
                  0.17    0.00    1.36 ^ _09702_/A (sky130_fd_sc_hd__clkbuf_2)
                  0.14    0.22    1.59 ^ _09702_/X (sky130_fd_sc_hd__clkbuf_2)
     5    0.02                           _02232_ (net)
                  0.14    0.00    1.59 ^ _09707_/C_N (sky130_fd_sc_hd__or3b_2)
                  0.11    0.53    2.12 v _09707_/X (sky130_fd_sc_hd__or3b_2)
     2    0.01                           _02237_ (net)
                  0.11    0.00    2.12 v _09723_/A (sky130_fd_sc_hd__nand2_1)
                  0.12    0.14    2.26 ^ _09723_/Y (sky130_fd_sc_hd__nand2_1)
     2    0.01                           _02253_ (net)
                  0.12    0.00    2.26 ^ _09733_/A (sky130_fd_sc_hd__buf_2)
                  0.15    0.22    2.48 ^ _09733_/X (sky130_fd_sc_hd__buf_2)
     5    0.03                           _02263_ (net)
                  0.15    0.00    2.48 ^ _10949_/B (sky130_fd_sc_hd__nor2_1)
                  0.05    0.08    2.56 v _10949_/Y (sky130_fd_sc_hd__nor2_1)
     2    0.01                           _03318_ (net)
                  0.05    0.00    2.56 v _10978_/A (sky130_fd_sc_hd__or4b_1)
                  0.08    0.54    3.10 v _10978_/X (sky130_fd_sc_hd__or4b_1)
     1    0.00                           _03347_ (net)
                  0.08    0.00    3.10 v _10979_/C (sky130_fd_sc_hd__or4b_2)
                  0.14    0.71    3.81 v _10979_/X (sky130_fd_sc_hd__or4b_2)
     2    0.01                           _03348_ (net)
                  0.14    0.00    3.81 v _10980_/B1 (sky130_fd_sc_hd__a311o_1)
                  0.08    0.41    4.21 v _10980_/X (sky130_fd_sc_hd__a311o_1)
     1    0.01                           _03349_ (net)
                  0.08    0.00    4.21 v _10981_/C1 (sky130_fd_sc_hd__o221a_2)
                  0.10    0.20    4.42 v _10981_/X (sky130_fd_sc_hd__o221a_2)
     1    0.03                           _03350_ (net)
                  0.10    0.00    4.42 v _10998_/A1 (sky130_fd_sc_hd__o21bai_4)
                  0.29    0.32    4.74 ^ _10998_/Y (sky130_fd_sc_hd__o21bai_4)
     1    0.04                           _03367_ (net)
                  0.29    0.01    4.74 ^ _11004_/A2 (sky130_fd_sc_hd__a211oi_4)
                  0.10    0.14    4.88 v _11004_/Y (sky130_fd_sc_hd__a211oi_4)
     1    0.02                           _03373_ (net)
                  0.10    0.00    4.89 v _11293_/A (sky130_fd_sc_hd__or4_4)
                  0.24    0.77    5.66 v _11293_/X (sky130_fd_sc_hd__or4_4)
     4    0.11                           _03662_ (net)
                  0.25    0.03    5.69 v _11647_/B1 (sky130_fd_sc_hd__o31a_1)
                  0.10    0.24    5.93 v _11647_/X (sky130_fd_sc_hd__o31a_1)
     3    0.01                           _04016_ (net)
                  0.10    0.00    5.93 v _11648_/B1_N (sky130_fd_sc_hd__a21bo_1)
                  0.06    0.23    6.16 ^ _11648_/X (sky130_fd_sc_hd__a21bo_1)
     1    0.01                           _04017_ (net)
                  0.06    0.00    6.16 ^ _11649_/A3 (sky130_fd_sc_hd__a311o_1)
                  0.13    0.23    6.39 ^ _11649_/X (sky130_fd_sc_hd__a311o_1)
     3    0.01                           _04018_ (net)
                  0.13    0.00    6.39 ^ _11882_/A (sky130_fd_sc_hd__dlymetal6s2s_1)
                  0.18    0.23    6.62 ^ _11882_/X (sky130_fd_sc_hd__dlymetal6s2s_1)
     5    0.02                           _04251_ (net)
                  0.18    0.00    6.62 ^ _14312_/A (sky130_fd_sc_hd__nor3_1)
                  0.07    0.09    6.71 v _14312_/Y (sky130_fd_sc_hd__nor3_1)
     1    0.00                           _06680_ (net)
                  0.07    0.00    6.71 v _14313_/B1 (sky130_fd_sc_hd__a31o_1)
                  0.03    0.19    6.90 v _14313_/X (sky130_fd_sc_hd__a31o_1)
     1    0.00                           _06681_ (net)
                  0.03    0.00    6.90 v _14314_/B1_N (sky130_fd_sc_hd__o21bai_2)
                  0.08    0.22    7.11 v _14314_/Y (sky130_fd_sc_hd__o21bai_2)
     2    0.01                           _06682_ (net)
                  0.08    0.00    7.11 v _14368_/C1 (sky130_fd_sc_hd__a211o_1)
                  0.06    0.26    7.37 v _14368_/X (sky130_fd_sc_hd__a211o_1)
     1    0.00                           _06734_ (net)
                  0.06    0.00    7.37 v _14369_/A2 (sky130_fd_sc_hd__o21a_4)
                  0.33    0.46    7.83 v _14369_/X (sky130_fd_sc_hd__o21a_4)
     2    0.26                           net9 (net)
                  0.35    0.07    7.89 v _17158_/A (sky130_fd_sc_hd__clkbuf_1)
                  0.03    0.20    8.09 v _17158_/X (sky130_fd_sc_hd__clkbuf_1)
     1    0.00                           net16 (net)
                  0.03    0.00    8.09 v output16/A (sky130_fd_sc_hd__buf_2)
                  0.09    0.19    8.28 v output16/X (sky130_fd_sc_hd__buf_2)
     1    0.03                           la_data_out[4] (net)
                  0.09    0.00    8.28 v la_data_out[4] (out)
                                  8.28   data arrival time

                  0.15   10.00   10.00   clock wb_clk_i (rise edge)
                          0.00   10.00   clock network delay (ideal)
                         -0.25    9.75   clock uncertainty
                          0.00    9.75   clock reconvergence pessimism
                         -2.00    7.75   output external delay
                                  7.75   data required time
-----------------------------------------------------------------------------
                                  7.75   data required time
                                 -8.28   data arrival time
-----------------------------------------------------------------------------
                                 -0.53   slack (VIOLATED)



===========================================================================
report_checks --slack_max -0.01
============================================================================
Startpoint: _16813_ (rising edge-triggered flip-flop)
Endpoint: la_data_out[4] (output port clocked by wb_clk_i)
Path Group: wb_clk_i
Path Type: max

Fanout     Cap    Slew   Delay    Time   Description
-----------------------------------------------------------------------------
                  0.27    0.00    0.00 ^ _16813_/CLK (sky130_fd_sc_hd__dfstp_4)
                  0.12    0.78    0.78 ^ _16813_/Q (sky130_fd_sc_hd__dfstp_4)
     3    0.04                           game.color.p2_x[3] (net)
                  0.12    0.00    0.78 ^ _09665_/A2 (sky130_fd_sc_hd__a21o_2)
                  0.13    0.22    1.01 ^ _09665_/X (sky130_fd_sc_hd__a21o_2)
     5    0.02                           _02195_ (net)
                  0.13    0.00    1.01 ^ _09701_/B (sky130_fd_sc_hd__and4_2)
                  0.17    0.36    1.36 ^ _09701_/X (sky130_fd_sc_hd__and4_2)
     4    0.03                           _02231_ (net)
                  0.17    0.00    1.36 ^ _09702_/A (sky130_fd_sc_hd__clkbuf_2)
                  0.14    0.22    1.59 ^ _09702_/X (sky130_fd_sc_hd__clkbuf_2)
     5    0.02                           _02232_ (net)
                  0.14    0.00    1.59 ^ _09707_/C_N (sky130_fd_sc_hd__or3b_2)
                  0.11    0.53    2.12 v _09707_/X (sky130_fd_sc_hd__or3b_2)
     2    0.01                           _02237_ (net)
                  0.11    0.00    2.12 v _09723_/A (sky130_fd_sc_hd__nand2_1)
                  0.12    0.14    2.26 ^ _09723_/Y (sky130_fd_sc_hd__nand2_1)
     2    0.01                           _02253_ (net)
                  0.12    0.00    2.26 ^ _09733_/A (sky130_fd_sc_hd__buf_2)
                  0.15    0.22    2.48 ^ _09733_/X (sky130_fd_sc_hd__buf_2)
     5    0.03                           _02263_ (net)
                  0.15    0.00    2.48 ^ _10949_/B (sky130_fd_sc_hd__nor2_1)
                  0.05    0.08    2.56 v _10949_/Y (sky130_fd_sc_hd__nor2_1)
     2    0.01                           _03318_ (net)
                  0.05    0.00    2.56 v _10978_/A (sky130_fd_sc_hd__or4b_1)
                  0.08    0.54    3.10 v _10978_/X (sky130_fd_sc_hd__or4b_1)
     1    0.00                           _03347_ (net)
                  0.08    0.00    3.10 v _10979_/C (sky130_fd_sc_hd__or4b_2)
                  0.14    0.71    3.81 v _10979_/X (sky130_fd_sc_hd__or4b_2)
     2    0.01                           _03348_ (net)
                  0.14    0.00    3.81 v _10980_/B1 (sky130_fd_sc_hd__a311o_1)
                  0.08    0.41    4.21 v _10980_/X (sky130_fd_sc_hd__a311o_1)
     1    0.01                           _03349_ (net)
                  0.08    0.00    4.21 v _10981_/C1 (sky130_fd_sc_hd__o221a_2)
                  0.10    0.20    4.42 v _10981_/X (sky130_fd_sc_hd__o221a_2)
     1    0.03                           _03350_ (net)
                  0.10    0.00    4.42 v _10998_/A1 (sky130_fd_sc_hd__o21bai_4)
                  0.29    0.32    4.74 ^ _10998_/Y (sky130_fd_sc_hd__o21bai_4)
     1    0.04                           _03367_ (net)
                  0.29    0.01    4.74 ^ _11004_/A2 (sky130_fd_sc_hd__a211oi_4)
                  0.10    0.14    4.88 v _11004_/Y (sky130_fd_sc_hd__a211oi_4)
     1    0.02                           _03373_ (net)
                  0.10    0.00    4.89 v _11293_/A (sky130_fd_sc_hd__or4_4)
                  0.24    0.77    5.66 v _11293_/X (sky130_fd_sc_hd__or4_4)
     4    0.11                           _03662_ (net)
                  0.25    0.03    5.69 v _11647_/B1 (sky130_fd_sc_hd__o31a_1)
                  0.10    0.24    5.93 v _11647_/X (sky130_fd_sc_hd__o31a_1)
     3    0.01                           _04016_ (net)
                  0.10    0.00    5.93 v _11648_/B1_N (sky130_fd_sc_hd__a21bo_1)
                  0.06    0.23    6.16 ^ _11648_/X (sky130_fd_sc_hd__a21bo_1)
     1    0.01                           _04017_ (net)
                  0.06    0.00    6.16 ^ _11649_/A3 (sky130_fd_sc_hd__a311o_1)
                  0.13    0.23    6.39 ^ _11649_/X (sky130_fd_sc_hd__a311o_1)
     3    0.01                           _04018_ (net)
                  0.13    0.00    6.39 ^ _11882_/A (sky130_fd_sc_hd__dlymetal6s2s_1)
                  0.18    0.23    6.62 ^ _11882_/X (sky130_fd_sc_hd__dlymetal6s2s_1)
     5    0.02                           _04251_ (net)
                  0.18    0.00    6.62 ^ _14312_/A (sky130_fd_sc_hd__nor3_1)
                  0.07    0.09    6.71 v _14312_/Y (sky130_fd_sc_hd__nor3_1)
     1    0.00                           _06680_ (net)
                  0.07    0.00    6.71 v _14313_/B1 (sky130_fd_sc_hd__a31o_1)
                  0.03    0.19    6.90 v _14313_/X (sky130_fd_sc_hd__a31o_1)
     1    0.00                           _06681_ (net)
                  0.03    0.00    6.90 v _14314_/B1_N (sky130_fd_sc_hd__o21bai_2)
                  0.08    0.22    7.11 v _14314_/Y (sky130_fd_sc_hd__o21bai_2)
     2    0.01                           _06682_ (net)
                  0.08    0.00    7.11 v _14368_/C1 (sky130_fd_sc_hd__a211o_1)
                  0.06    0.26    7.37 v _14368_/X (sky130_fd_sc_hd__a211o_1)
     1    0.00                           _06734_ (net)
                  0.06    0.00    7.37 v _14369_/A2 (sky130_fd_sc_hd__o21a_4)
                  0.33    0.46    7.83 v _14369_/X (sky130_fd_sc_hd__o21a_4)
     2    0.26                           net9 (net)
                  0.35    0.07    7.89 v _17158_/A (sky130_fd_sc_hd__clkbuf_1)
                  0.03    0.20    8.09 v _17158_/X (sky130_fd_sc_hd__clkbuf_1)
     1    0.00                           net16 (net)
                  0.03    0.00    8.09 v output16/A (sky130_fd_sc_hd__buf_2)
                  0.09    0.19    8.28 v output16/X (sky130_fd_sc_hd__buf_2)
     1    0.03                           la_data_out[4] (net)
                  0.09    0.00    8.28 v la_data_out[4] (out)
                                  8.28   data arrival time

                  0.15   10.00   10.00   clock wb_clk_i (rise edge)
                          0.00   10.00   clock network delay (ideal)
                         -0.25    9.75   clock uncertainty
                          0.00    9.75   clock reconvergence pessimism
                         -2.00    7.75   output external delay
                                  7.75   data required time
-----------------------------------------------------------------------------
                                  7.75   data required time
                                 -8.28   data arrival time
-----------------------------------------------------------------------------
                                 -0.53   slack (VIOLATED)


